[INFO] Scanning for projects...
[INFO] 
[INFO] ---------------------< net.xzh:iam-admin-service >----------------------
[INFO] Building iam-admin-service 1.0.0
[INFO] --------------------------------[ jar ]---------------------------------
[INFO] 
[INFO] >>> spring-boot-maven-plugin:3.4.1:run (default-cli) > test-compile @ iam-admin-service >>>
[INFO] 
[INFO] --- maven-resources-plugin:3.3.1:resources (default-resources) @ iam-admin-service ---
[INFO] Copying 1 resource from src\main\resources to target\classes
[INFO] Copying 0 resource from src\main\resources to target\classes
[INFO] 
[INFO] --- maven-compiler-plugin:3.13.0:compile (default-compile) @ iam-admin-service ---
[INFO] Nothing to compile - all classes are up to date.
[INFO] 
[INFO] --- maven-resources-plugin:3.3.1:testResources (default-testResources) @ iam-admin-service ---
[INFO] skip non existing resourceDirectory D:\GitHub\spring-boot3-demo\iam-platform\iam-admin-service\src\test\resources
[INFO] 
[INFO] --- maven-compiler-plugin:3.13.0:testCompile (default-testCompile) @ iam-admin-service ---
[INFO] No sources to compile
[INFO] 
[INFO] <<< spring-boot-maven-plugin:3.4.1:run (default-cli) < test-compile @ iam-admin-service <<<
[INFO] 
[INFO] 
[INFO] --- spring-boot-maven-plugin:3.4.1:run (default-cli) @ iam-admin-service ---
[INFO] Attaching agents: []

  .   ____          _            __ _ _
 /\\ / ___'_ __ _ _(_)_ __  __ _ \ \ \ \
( ( )\___ | '_ | '_| | '_ \/ _` | \ \ \ \
 \\/  ___)| |_)| | | | | || (_| |  ) ) ) )
  '  |____| .__|_| |_|_| |_\__, | / / / /
 =========|_|==============|___/=/_/_/_/

 :: Spring Boot ::                (v3.4.1)

2026-08-15T10:51:33.202+08:00  INFO 13496 --- [iam-admin-service] [           main] net.xzh.admin.AdminServiceApplication    : Starting AdminServiceApplication using Java 17.0.13 with PID 13496 (D:\GitHub\spring-boot3-demo\iam-platform\iam-admin-service\target\classes started by admin in D:\GitHub\spring-boot3-demo\iam-platform\iam-admin-service)
2026-08-15T10:51:33.244+08:00 DEBUG 13496 --- [iam-admin-service] [           main] net.xzh.admin.AdminServiceApplication    : Running with Spring Boot v3.4.1, Spring v6.2.1
2026-08-15T10:51:33.246+08:00  INFO 13496 --- [iam-admin-service] [           main] net.xzh.admin.AdminServiceApplication    : No active profile set, falling back to 1 default profile: "default"
2026-08-15T10:51:34.746+08:00  INFO 13496 --- [iam-admin-service] [           main] o.s.b.w.embedded.tomcat.TomcatWebServer  : Tomcat initialized with port 8085 (http)
2026-08-15T10:51:34.769+08:00  INFO 13496 --- [iam-admin-service] [           main] o.apache.catalina.core.StandardService   : Starting service [Tomcat]
2026-08-15T10:51:34.769+08:00  INFO 13496 --- [iam-admin-service] [           main] o.apache.catalina.core.StandardEngine    : Starting Servlet engine: [Apache Tomcat/10.1.34]
2026-08-15T10:51:34.840+08:00  INFO 13496 --- [iam-admin-service] [           main] o.a.c.c.C.[Tomcat].[localhost].[/]       : Initializing Spring embedded WebApplicationContext
2026-08-15T10:51:34.841+08:00  INFO 13496 --- [iam-admin-service] [           main] w.s.c.ServletWebServerApplicationContext : Root WebApplicationContext: initialization completed in 1529 ms
2026-08-15T10:51:35.916+08:00  INFO 13496 --- [iam-admin-service] [           main] o.s.b.w.embedded.tomcat.TomcatWebServer  : Tomcat started on port 8085 (http) with context path '/'
2026-08-15T10:51:35.931+08:00  INFO 13496 --- [iam-admin-service] [           main] net.xzh.admin.AdminServiceApplication    : Started AdminServiceApplication in 3.502 seconds (process running for 4.022)
2026-08-15T10:55:15.168+08:00  INFO 13496 --- [iam-admin-service] [nio-8085-exec-1] o.a.c.c.C.[Tomcat].[localhost].[/]       : Initializing Spring DispatcherServlet 'dispatcherServlet'
2026-08-15T10:55:15.169+08:00  INFO 13496 --- [iam-admin-service] [nio-8085-exec-1] o.s.web.servlet.DispatcherServlet        : Initializing Servlet 'dispatcherServlet'
2026-08-15T10:55:15.171+08:00  INFO 13496 --- [iam-admin-service] [nio-8085-exec-1] o.s.web.servlet.DispatcherServlet        : Completed initialization in 1 ms
2026-08-15T10:57:24.901+08:00 DEBUG 13496 --- [iam-admin-service] [nio-8085-exec-1] .s.o.c.w.OAuth2LoginAuthenticationFilter : Set SecurityContextHolder to OAuth2AuthenticationToken [Principal=Name: [admin], Granted Authorities: [[OIDC_USER, SCOPE_openid, SCOPE_profile, SCOPE_read, SCOPE_write]], User Attributes: [{sub=admin, roles=[ROLE_ADMIN], iss=http://localhost:9000, preferred_username=admin, nonce=NchcrKKHBM3eNmx3R2Kon8BPGQxSwL-x7pVTC0lb4wc, sid=jf7JpG1zpWSQbphLQzQsqADNPtfyPFTrQylpBI_wGOs, aud=[admin-app], updated_at=2026-08-15T04:57:24.363618800Z, azp=admin-app, auth_time=2026-08-15T02:57:24Z, exp=2026-08-15T03:27:24Z, iat=2026-08-15T02:57:24Z, jti=147d238c-10fb-49c1-b430-376d025fb8b9}], Credentials=[PROTECTED], Authenticated=true, Details=WebAuthenticationDetails [RemoteIpAddress=0:0:0:0:0:0:0:1, SessionId=DEB36B48F6E9BE67DE8AD2FDCD6FF521], Granted Authorities=[OIDC_USER, SCOPE_openid, SCOPE_profile, SCOPE_read, SCOPE_write]]
2026-08-15T10:57:24.902+08:00 DEBUG 13496 --- [iam-admin-service] [nio-8085-exec-1] n.x.a.c.AdminOnlyLoginSuccessHandler     : [login] 管理端账号 admin 登录成功
2026-08-15T10:57:57.544+08:00 DEBUG 13496 --- [iam-admin-service] [nio-8085-exec-7] .s.o.c.w.OAuth2LoginAuthenticationFilter : Set SecurityContextHolder to OAuth2AuthenticationToken [Principal=Name: [user], Granted Authorities: [[OIDC_USER, SCOPE_openid, SCOPE_profile, SCOPE_read, SCOPE_write]], User Attributes: [{sub=user, roles=[ROLE_USER], iss=http://localhost:9000, preferred_username=user, nonce=lImpMdlG7QACBUfCGrCemkkw9eCJW1uWmjV1n1S4V0w, sid=nYkrvqEorazOIj83a_pJN8nHW6J0CiF5B7X0kLnjAKY, aud=[admin-app], updated_at=2026-08-15T04:57:57.433212Z, azp=admin-app, auth_time=2026-08-15T02:57:57Z, exp=2026-08-15T03:27:57Z, iat=2026-08-15T02:57:57Z, jti=df856975-3b5a-4078-b86b-e25a9b01cf8e}], Credentials=[PROTECTED], Authenticated=true, Details=WebAuthenticationDetails [RemoteIpAddress=0:0:0:0:0:0:0:1, SessionId=086F308002A94F1A7DA9561EF34FF9B2], Granted Authorities=[OIDC_USER, SCOPE_openid, SCOPE_profile, SCOPE_read, SCOPE_write]]
2026-08-15T10:57:57.546+08:00  INFO 13496 --- [iam-admin-service] [nio-8085-exec-7] n.x.a.c.AdminOnlyLoginSuccessHandler     : [login] 非管理端账号 user 被拒绝进入管理后台
2026-08-15T10:57:59.680+08:00 DEBUG 13496 --- [iam-admin-service] [nio-8085-exec-1] .s.o.c.w.OAuth2LoginAuthenticationFilter : Set SecurityContextHolder to OAuth2AuthenticationToken [Principal=Name: [admin], Granted Authorities: [[OIDC_USER, SCOPE_openid, SCOPE_profile, SCOPE_read, SCOPE_write]], User Attributes: [{sub=admin, roles=[ROLE_ADMIN], iss=http://localhost:9000, preferred_username=admin, nonce=bzlQw7psCzZUbFMLQPi0j-Z2JWsjQ4RGSUcR6y1ettQ, sid=hqj-RpJkHuDrwCkKS_G_DBeR2Ke51K940rU6bddcsNM, aud=[admin-app], updated_at=2026-08-15T04:57:59.570420100Z, azp=admin-app, auth_time=2026-08-15T02:57:59Z, exp=2026-08-15T03:27:59Z, iat=2026-08-15T02:57:59Z, jti=a0b4ac3e-4d7b-47af-a942-1d777809e995}], Credentials=[PROTECTED], Authenticated=true, Details=WebAuthenticationDetails [RemoteIpAddress=0:0:0:0:0:0:0:1, SessionId=D9CBC8EC3CBBF4F33E5E6B43B325AAFD], Granted Authorities=[OIDC_USER, SCOPE_openid, SCOPE_profile, SCOPE_read, SCOPE_write]]
2026-08-15T10:57:59.681+08:00 DEBUG 13496 --- [iam-admin-service] [nio-8085-exec-1] n.x.a.c.AdminOnlyLoginSuccessHandler     : [login] 管理端账号 admin 登录成功
2026-08-15T10:57:59.937+08:00 DEBUG 13496 --- [iam-admin-service] [nio-8085-exec-4] n.x.admin.controller.ApiProxyController  : [proxy] GET /api/admin/roles -> http://localhost:9010/api/admin/roles
2026-08-15T11:00:34.594+08:00 DEBUG 13496 --- [iam-admin-service] [nio-8085-exec-8] .s.o.c.w.OAuth2LoginAuthenticationFilter : Set SecurityContextHolder to OAuth2AuthenticationToken [Principal=Name: [user], Granted Authorities: [[OIDC_USER, SCOPE_openid, SCOPE_profile, SCOPE_read, SCOPE_write]], User Attributes: [{sub=user, roles=[ROLE_USER], iss=http://localhost:9000, preferred_username=user, nonce=OBcJPAX5FEROzX-bT8oF2FvclbqJSq153fTF5GD7-e8, sid=qeHvdQ-gdCOsNGH1trpVTnVr9N-6FnjPw-bQrAG_JBU, aud=[admin-app], updated_at=2026-08-15T05:00:34.519630900Z, azp=admin-app, auth_time=2026-08-15T03:00:34Z, exp=2026-08-15T03:30:34Z, iat=2026-08-15T03:00:34Z, jti=73a02bd7-95cf-4364-86f4-14d6679c836d}], Credentials=[PROTECTED], Authenticated=true, Details=WebAuthenticationDetails [RemoteIpAddress=0:0:0:0:0:0:0:1, SessionId=57A7F02CD89A877D3CC40351C7B7FD49], Granted Authorities=[OIDC_USER, SCOPE_openid, SCOPE_profile, SCOPE_read, SCOPE_write]]
2026-08-15T11:00:34.595+08:00  INFO 13496 --- [iam-admin-service] [nio-8085-exec-8] n.x.a.c.AdminOnlyLoginSuccessHandler     : [login] 非管理端账号 user 被拒绝进入管理后台
2026-08-15T11:05:37.557+08:00 DEBUG 13496 --- [iam-admin-service] [nio-8085-exec-3] .s.o.c.w.OAuth2LoginAuthenticationFilter : Set SecurityContextHolder to OAuth2AuthenticationToken [Principal=Name: [admin], Granted Authorities: [[OIDC_USER, SCOPE_openid, SCOPE_profile, SCOPE_read, SCOPE_write]], User Attributes: [{sub=admin, roles=[ROLE_ADMIN], iss=http://localhost:9000, preferred_username=admin, nonce=phCZP2d5MM_p1CpwrRr05DWPMGBfv-WNpwhSXWCOZbU, sid=bc9POAVhwB01aDbbcTbPG71IURJqp15OPfkHUX5BUVc, aud=[admin-app], updated_at=2026-08-15T05:05:37.481784400Z, azp=admin-app, auth_time=2026-08-15T03:05:37Z, exp=2026-08-15T03:35:37Z, iat=2026-08-15T03:05:37Z, jti=7d6799dc-17fe-4006-9f10-313e15a2b520}], Credentials=[PROTECTED], Authenticated=true, Details=WebAuthenticationDetails [RemoteIpAddress=0:0:0:0:0:0:0:1, SessionId=F04E1C1FF1D090BCCE7D3F99EBF8F1EA], Granted Authorities=[OIDC_USER, SCOPE_openid, SCOPE_profile, SCOPE_read, SCOPE_write]]
2026-08-15T11:05:37.557+08:00 DEBUG 13496 --- [iam-admin-service] [nio-8085-exec-3] n.x.a.c.AdminOnlyLoginSuccessHandler     : [login] 管理端账号 admin 登录成功
2026-08-15T11:05:37.727+08:00 DEBUG 13496 --- [iam-admin-service] [nio-8085-exec-5] n.x.admin.controller.ApiProxyController  : [proxy] GET /api/admin/sessions/online -> http://localhost:9000/api/admin/sessions/online
2026-08-15T11:13:54.619+08:00 DEBUG 13496 --- [iam-admin-service] [nio-8085-exec-9] .s.o.c.w.OAuth2LoginAuthenticationFilter : Set SecurityContextHolder to OAuth2AuthenticationToken [Principal=Name: [admin], Granted Authorities: [[OIDC_USER, SCOPE_openid, SCOPE_profile, SCOPE_read, SCOPE_write]], User Attributes: [{sub=admin, roles=[ROLE_ADMIN], iss=http://localhost:9000, preferred_username=admin, nonce=RGMrIhXLeTKlG9vrJfejj0Hw6f3ye0nkfva20MXqeyM, sid=6TwRD3Cbzbg0qeYvQVbJ_r6m5AOEhzX9XhBaVyPTRks, aud=[admin-app], updated_at=2026-08-15T05:13:54.227328500Z, azp=admin-app, auth_time=2026-08-15T03:13:53Z, exp=2026-08-15T03:43:54Z, iat=2026-08-15T03:13:54Z, jti=13aecee8-5a36-4fd8-866c-0b1d7c70099c}], Credentials=[PROTECTED], Authenticated=true, Details=WebAuthenticationDetails [RemoteIpAddress=0:0:0:0:0:0:0:1, SessionId=B32284DCBB3B95C7A105B7119CD6B365], Granted Authorities=[OIDC_USER, SCOPE_openid, SCOPE_profile, SCOPE_read, SCOPE_write]]
2026-08-15T11:13:54.620+08:00 DEBUG 13496 --- [iam-admin-service] [nio-8085-exec-9] n.x.a.c.AdminOnlyLoginSuccessHandler     : [login] 管理端账号 admin 登录成功
2026-08-15T11:13:54.782+08:00 DEBUG 13496 --- [iam-admin-service] [io-8085-exec-10] n.x.admin.controller.ApiProxyController  : [proxy] GET /api/admin/sessions/online -> http://localhost:9000/api/admin/sessions/online
2026-08-15T11:14:10.648+08:00 DEBUG 13496 --- [iam-admin-service] [nio-8085-exec-4] .s.o.c.w.OAuth2LoginAuthenticationFilter : Set SecurityContextHolder to OAuth2AuthenticationToken [Principal=Name: [admin], Granted Authorities: [[OIDC_USER, SCOPE_openid, SCOPE_profile, SCOPE_read, SCOPE_write]], User Attributes: [{sub=admin, roles=[ROLE_ADMIN], iss=http://localhost:9000, preferred_username=admin, nonce=84DLJJlL-pkO7EQSk97XDthKdAXCZC_XZJxilFuu-rw, sid=Cf6WvPMRCp_iTz2SQddoOqwMyb18KCdCNvjc5OyS3uI, aud=[admin-app], updated_at=2026-08-15T05:14:10.545118600Z, azp=admin-app, auth_time=2026-08-15T03:14:10Z, exp=2026-08-15T03:44:10Z, iat=2026-08-15T03:14:10Z, jti=514d99c4-21ac-4481-9376-c4e35f3099ba}], Credentials=[PROTECTED], Authenticated=true, Details=WebAuthenticationDetails [RemoteIpAddress=0:0:0:0:0:0:0:1, SessionId=DCFA2F39DD7FE9E08145459E9A71DFA8], Granted Authorities=[OIDC_USER, SCOPE_openid, SCOPE_profile, SCOPE_read, SCOPE_write]]
2026-08-15T11:14:10.649+08:00 DEBUG 13496 --- [iam-admin-service] [nio-8085-exec-4] n.x.a.c.AdminOnlyLoginSuccessHandler     : [login] 管理端账号 admin 登录成功
2026-08-15T11:14:11.042+08:00 DEBUG 13496 --- [iam-admin-service] [nio-8085-exec-7] n.x.admin.controller.ApiProxyController  : [proxy] GET /api/admin/users -> http://localhost:9000/api/admin/users
2026-08-15T11:14:11.120+08:00 DEBUG 13496 --- [iam-admin-service] [nio-8085-exec-8] n.x.admin.controller.ApiProxyController  : [proxy] GET /api/admin/clients -> http://localhost:9000/api/admin/clients
2026-08-15T11:14:11.204+08:00 DEBUG 13496 --- [iam-admin-service] [nio-8085-exec-9] n.x.admin.controller.ApiProxyController  : [proxy] GET /api/admin/sessions/online -> http://localhost:9000/api/admin/sessions/online
2026-08-15T11:14:12.433+08:00 DEBUG 13496 --- [iam-admin-service] [io-8085-exec-10] n.x.admin.controller.ApiProxyController  : [proxy] GET /api/admin/records/consents -> http://localhost:9000/api/admin/records/consents
2026-08-15T11:14:12.496+08:00 DEBUG 13496 --- [iam-admin-service] [nio-8085-exec-2] n.x.admin.controller.ApiProxyController  : [proxy] GET /api/admin/roles -> http://localhost:9010/api/admin/roles
2026-08-15T11:14:12.825+08:00 DEBUG 13496 --- [iam-admin-service] [nio-8085-exec-1] n.x.admin.controller.ApiProxyController  : [proxy] GET /api/admin/permissions -> http://localhost:9010/api/admin/permissions
2026-08-15T11:14:13.260+08:00 DEBUG 13496 --- [iam-admin-service] [nio-8085-exec-3] n.x.admin.controller.ApiProxyController  : [proxy] GET /api/admin/user-roles/admin -> http://localhost:9010/api/admin/user-roles/admin
2026-08-15T11:14:13.691+08:00 DEBUG 13496 --- [iam-admin-service] [nio-8085-exec-4] n.x.admin.controller.ApiProxyController  : [proxy] GET /api/admin/user-roles/user -> http://localhost:9010/api/admin/user-roles/user
2026-08-15T11:14:14.004+08:00 DEBUG 13496 --- [iam-admin-service] [nio-8085-exec-5] n.x.admin.controller.ApiProxyController  : [proxy] GET /api/admin/roles -> http://localhost:9010/api/admin/roles
2026-08-15T11:14:14.578+08:00 DEBUG 13496 --- [iam-admin-service] [nio-8085-exec-6] n.x.admin.controller.ApiProxyController  : [proxy] PUT /api/admin/user-roles/user -> http://localhost:9010/api/admin/user-roles/user
2026-08-15T11:14:15.009+08:00 DEBUG 13496 --- [iam-admin-service] [nio-8085-exec-7] n.x.admin.controller.ApiProxyController  : [proxy] GET /api/admin/user-roles/user -> http://localhost:9010/api/admin/user-roles/user
2026-08-15T11:15:12.791+08:00 DEBUG 13496 --- [iam-admin-service] [nio-8085-exec-3] .s.o.c.w.OAuth2LoginAuthenticationFilter : Set SecurityContextHolder to OAuth2AuthenticationToken [Principal=Name: [user], Granted Authorities: [[OIDC_USER, SCOPE_openid, SCOPE_profile, SCOPE_read, SCOPE_write]], User Attributes: [{sub=user, roles=[ROLE_USER], iss=http://localhost:9000, preferred_username=user, nonce=fmIYj85zbwobM_y0osclsZhUysJAtaAttp-9v0ExUN0, sid=B8GZdLeEUG85oZWOlGICBrC-vVrhKaREsFvSfJBiq_I, aud=[admin-app], updated_at=2026-08-15T05:15:12.727544300Z, azp=admin-app, auth_time=2026-08-15T03:15:12Z, exp=2026-08-15T03:45:12Z, iat=2026-08-15T03:15:12Z, jti=a94da3c3-7803-4a1d-8b4d-325d3e86f155}], Credentials=[PROTECTED], Authenticated=true, Details=WebAuthenticationDetails [RemoteIpAddress=0:0:0:0:0:0:0:1, SessionId=69C40BF531D366A030677948F91E600F], Granted Authorities=[OIDC_USER, SCOPE_openid, SCOPE_profile, SCOPE_read, SCOPE_write]]
2026-08-15T11:15:12.792+08:00  INFO 13496 --- [iam-admin-service] [nio-8085-exec-3] n.x.a.c.AdminOnlyLoginSuccessHandler     : [login] 非管理端账号 user 被拒绝进入管理后台
2026-08-15T11:15:17.552+08:00 DEBUG 13496 --- [iam-admin-service] [nio-8085-exec-6] .s.o.c.w.OAuth2LoginAuthenticationFilter : Set SecurityContextHolder to OAuth2AuthenticationToken [Principal=Name: [user], Granted Authorities: [[OIDC_USER, SCOPE_openid, SCOPE_profile, SCOPE_read, SCOPE_write]], User Attributes: [{sub=user, roles=[ROLE_USER], iss=http://localhost:9000, preferred_username=user, nonce=IIdoIVwt-lz3AAwTDTdEgM_I_Pw7PSgOffR14lYCRa8, sid=ILzQ1qEMyKJdBgyXPiE_p0fo-bNvcN6STzzS6rOd1KE, aud=[admin-app], updated_at=2026-08-15T05:15:17.476251600Z, azp=admin-app, auth_time=2026-08-15T03:15:17Z, exp=2026-08-15T03:45:17Z, iat=2026-08-15T03:15:17Z, jti=cadba206-bfbb-4717-8f63-aa8fe128a912}], Credentials=[PROTECTED], Authenticated=true, Details=WebAuthenticationDetails [RemoteIpAddress=0:0:0:0:0:0:0:1, SessionId=17268D3F9D281F7B8784193B02E0ABE6], Granted Authorities=[OIDC_USER, SCOPE_openid, SCOPE_profile, SCOPE_read, SCOPE_write]]
2026-08-15T11:15:17.553+08:00  INFO 13496 --- [iam-admin-service] [nio-8085-exec-6] n.x.a.c.AdminOnlyLoginSuccessHandler     : [login] 非管理端账号 user 被拒绝进入管理后台
2026-08-15T11:15:26.624+08:00 DEBUG 13496 --- [iam-admin-service] [nio-8085-exec-8] .s.o.c.w.OAuth2LoginAuthenticationFilter : Set SecurityContextHolder to OAuth2AuthenticationToken [Principal=Name: [user], Granted Authorities: [[OIDC_USER, SCOPE_openid, SCOPE_profile, SCOPE_read, SCOPE_write]], User Attributes: [{sub=user, roles=[ROLE_USER], iss=http://localhost:9000, preferred_username=user, nonce=3u4o7W0iGhT8PBdWjf6dthzBwOfRUymkcILNBljHY4Y, sid=WzJXl9mO8VOdgm09WknBCgTtyGaHMuITRJE4QGQz8js, aud=[admin-app], updated_at=2026-08-15T05:15:26.558288100Z, azp=admin-app, auth_time=2026-08-15T03:15:26Z, exp=2026-08-15T03:45:26Z, iat=2026-08-15T03:15:26Z, jti=6abd6083-4628-44d6-9076-d6b7a879f7a5}], Credentials=[PROTECTED], Authenticated=true, Details=WebAuthenticationDetails [RemoteIpAddress=0:0:0:0:0:0:0:1, SessionId=68518669D9E35C53CFB3157602FAB23B], Granted Authorities=[OIDC_USER, SCOPE_openid, SCOPE_profile, SCOPE_read, SCOPE_write]]
2026-08-15T11:15:26.625+08:00  INFO 13496 --- [iam-admin-service] [nio-8085-exec-8] n.x.a.c.AdminOnlyLoginSuccessHandler     : [login] 非管理端账号 user 被拒绝进入管理后台
2026-08-15T11:15:41.641+08:00 DEBUG 13496 --- [iam-admin-service] [nio-8085-exec-1] .s.o.c.w.OAuth2LoginAuthenticationFilter : Set SecurityContextHolder to OAuth2AuthenticationToken [Principal=Name: [admin], Granted Authorities: [[OIDC_USER, SCOPE_openid, SCOPE_profile, SCOPE_read, SCOPE_write]], User Attributes: [{sub=admin, roles=[ROLE_ADMIN], iss=http://localhost:9000, preferred_username=admin, nonce=IhdCqh69xaVp_ldeZN6G66J_SlEB5iIftyYDFJ4IaIs, sid=wEiUYYq5f7ilxJ9a74iQaAJfKQyHFI7p2oSeToBFEhM, aud=[admin-app], updated_at=2026-08-15T05:15:41.551594400Z, azp=admin-app, auth_time=2026-08-15T03:15:41Z, exp=2026-08-15T03:45:41Z, iat=2026-08-15T03:15:41Z, jti=897e13fc-d229-48d6-be5f-df2f983850cf}], Credentials=[PROTECTED], Authenticated=true, Details=WebAuthenticationDetails [RemoteIpAddress=0:0:0:0:0:0:0:1, SessionId=FC922DAE4C3580647D914E2EFCB987B9], Granted Authorities=[OIDC_USER, SCOPE_openid, SCOPE_profile, SCOPE_read, SCOPE_write]]
2026-08-15T11:15:41.642+08:00 DEBUG 13496 --- [iam-admin-service] [nio-8085-exec-1] n.x.a.c.AdminOnlyLoginSuccessHandler     : [login] 管理端账号 admin 登录成功
2026-08-15T11:15:45.131+08:00 DEBUG 13496 --- [iam-admin-service] [nio-8085-exec-5] n.x.admin.controller.ApiProxyController  : [proxy] GET /api/admin/users -> http://localhost:9000/api/admin/users
2026-08-15T11:15:45.134+08:00 DEBUG 13496 --- [iam-admin-service] [nio-8085-exec-6] n.x.admin.controller.ApiProxyController  : [proxy] GET /api/admin/roles -> http://localhost:9010/api/admin/roles
2026-08-15T11:15:46.445+08:00 DEBUG 13496 --- [iam-admin-service] [nio-8085-exec-7] n.x.admin.controller.ApiProxyController  : [proxy] GET /api/admin/user-roles/admin -> http://localhost:9010/api/admin/user-roles/admin
2026-08-15T11:15:49.939+08:00 DEBUG 13496 --- [iam-admin-service] [nio-8085-exec-8] n.x.admin.controller.ApiProxyController  : [proxy] GET /api/admin/users/1 -> http://localhost:9000/api/admin/users/1
2026-08-15T11:15:52.953+08:00 DEBUG 13496 --- [iam-admin-service] [io-8085-exec-10] n.x.admin.controller.ApiProxyController  : [proxy] GET /api/admin/user-roles/admin -> http://localhost:9010/api/admin/user-roles/admin
2026-08-15T11:15:55.880+08:00 DEBUG 13496 --- [iam-admin-service] [nio-8085-exec-1] n.x.admin.controller.ApiProxyController  : [proxy] GET /api/admin/roles -> http://localhost:9010/api/admin/roles
2026-08-15T11:16:00.137+08:00 DEBUG 13496 --- [iam-admin-service] [nio-8085-exec-4] n.x.admin.controller.ApiProxyController  : [proxy] GET /api/admin/users -> http://localhost:9000/api/admin/users
2026-08-15T11:16:00.141+08:00 DEBUG 13496 --- [iam-admin-service] [nio-8085-exec-5] n.x.admin.controller.ApiProxyController  : [proxy] GET /api/admin/roles -> http://localhost:9010/api/admin/roles
2026-08-15T11:16:04.670+08:00 DEBUG 13496 --- [iam-admin-service] [nio-8085-exec-6] n.x.admin.controller.ApiProxyController  : [proxy] GET /api/admin/user-roles/admin -> http://localhost:9010/api/admin/user-roles/admin
2026-08-15T11:16:07.780+08:00 DEBUG 13496 --- [iam-admin-service] [nio-8085-exec-9] n.x.admin.controller.ApiProxyController  : [proxy] GET /api/admin/roles -> http://localhost:9010/api/admin/roles
2026-08-15T11:16:08.692+08:00 DEBUG 13496 --- [iam-admin-service] [io-8085-exec-10] n.x.admin.controller.ApiProxyController  : [proxy] GET /api/admin/permissions -> http://localhost:9010/api/admin/permissions
2026-08-15T11:16:12.272+08:00 DEBUG 13496 --- [iam-admin-service] [nio-8085-exec-1] n.x.admin.controller.ApiProxyController  : [proxy] GET /api/admin/users -> http://localhost:9000/api/admin/users
2026-08-15T11:16:12.276+08:00 DEBUG 13496 --- [iam-admin-service] [nio-8085-exec-3] n.x.admin.controller.ApiProxyController  : [proxy] GET /api/admin/roles -> http://localhost:9010/api/admin/roles
2026-08-15T11:16:15.773+08:00 DEBUG 13496 --- [iam-admin-service] [nio-8085-exec-5] n.x.admin.controller.ApiProxyController  : [proxy] GET /api/admin/roles -> http://localhost:9010/api/admin/roles
2026-08-15T11:16:17.914+08:00 DEBUG 13496 --- [iam-admin-service] [nio-8085-exec-8] n.x.admin.controller.ApiProxyController  : [proxy] GET /api/admin/permissions -> http://localhost:9010/api/admin/permissions
2026-08-15T11:16:21.605+08:00 DEBUG 13496 --- [iam-admin-service] [io-8085-exec-10] n.x.admin.controller.ApiProxyController  : [proxy] GET /api/admin/clients -> http://localhost:9000/api/admin/clients
2026-08-15T11:16:23.669+08:00 DEBUG 13496 --- [iam-admin-service] [nio-8085-exec-1] n.x.admin.controller.ApiProxyController  : [proxy] GET /api/admin/records/consents -> http://localhost:9000/api/admin/records/consents
2026-08-15T11:16:25.780+08:00 DEBUG 13496 --- [iam-admin-service] [nio-8085-exec-4] n.x.admin.controller.ApiProxyController  : [proxy] GET /api/admin/sessions/online -> http://localhost:9000/api/admin/sessions/online
2026-08-15T11:16:27.144+08:00 DEBUG 13496 --- [iam-admin-service] [nio-8085-exec-5] n.x.admin.controller.ApiProxyController  : [proxy] GET /api/admin/sessions/online -> http://localhost:9000/api/admin/sessions/online
2026-08-15T11:16:28.378+08:00 DEBUG 13496 --- [iam-admin-service] [nio-8085-exec-6] n.x.admin.controller.ApiProxyController  : [proxy] GET /api/admin/sessions/online -> http://localhost:9000/api/admin/sessions/online
2026-08-15T11:16:29.577+08:00 DEBUG 13496 --- [iam-admin-service] [nio-8085-exec-7] n.x.admin.controller.ApiProxyController  : [proxy] GET /api/admin/sessions/online -> http://localhost:9000/api/admin/sessions/online
2026-08-15T11:16:30.796+08:00 DEBUG 13496 --- [iam-admin-service] [nio-8085-exec-8] n.x.admin.controller.ApiProxyController  : [proxy] GET /api/admin/sessions/online -> http://localhost:9000/api/admin/sessions/online
2026-08-15T11:16:32.026+08:00 DEBUG 13496 --- [iam-admin-service] [nio-8085-exec-9] n.x.admin.controller.ApiProxyController  : [proxy] GET /api/admin/sessions/online -> http://localhost:9000/api/admin/sessions/online
2026-08-15T11:16:33.208+08:00 DEBUG 13496 --- [iam-admin-service] [io-8085-exec-10] n.x.admin.controller.ApiProxyController  : [proxy] GET /api/admin/sessions/online -> http://localhost:9000/api/admin/sessions/online
2026-08-15T11:16:33.939+08:00 DEBUG 13496 --- [iam-admin-service] [nio-8085-exec-2] n.x.admin.controller.ApiProxyController  : [proxy] GET /api/admin/sessions/users/1 -> http://localhost:9000/api/admin/sessions/users/1
2026-08-15T11:16:34.421+08:00 DEBUG 13496 --- [iam-admin-service] [nio-8085-exec-1] n.x.admin.controller.ApiProxyController  : [proxy] GET /api/admin/sessions/online -> http://localhost:9000/api/admin/sessions/online
2026-08-15T11:16:35.566+08:00 DEBUG 13496 --- [iam-admin-service] [nio-8085-exec-3] n.x.admin.controller.ApiProxyController  : [proxy] GET /api/admin/sessions/online -> http://localhost:9000/api/admin/sessions/online
2026-08-15T11:16:36.790+08:00 DEBUG 13496 --- [iam-admin-service] [nio-8085-exec-4] n.x.admin.controller.ApiProxyController  : [proxy] GET /api/admin/sessions/online -> http://localhost:9000/api/admin/sessions/online
2026-08-15T11:16:37.983+08:00 DEBUG 13496 --- [iam-admin-service] [nio-8085-exec-5] n.x.admin.controller.ApiProxyController  : [proxy] GET /api/admin/sessions/online -> http://localhost:9000/api/admin/sessions/online
2026-08-15T11:16:39.167+08:00 DEBUG 13496 --- [iam-admin-service] [nio-8085-exec-7] n.x.admin.controller.ApiProxyController  : [proxy] GET /api/admin/sessions/online -> http://localhost:9000/api/admin/sessions/online
2026-08-15T11:16:40.386+08:00 DEBUG 13496 --- [iam-admin-service] [nio-8085-exec-8] n.x.admin.controller.ApiProxyController  : [proxy] GET /api/admin/sessions/online -> http://localhost:9000/api/admin/sessions/online
2026-08-15T11:16:41.514+08:00 DEBUG 13496 --- [iam-admin-service] [nio-8085-exec-9] n.x.admin.controller.ApiProxyController  : [proxy] GET /api/admin/sessions/online -> http://localhost:9000/api/admin/sessions/online
2026-08-15T11:16:42.749+08:00 DEBUG 13496 --- [iam-admin-service] [io-8085-exec-10] n.x.admin.controller.ApiProxyController  : [proxy] GET /api/admin/sessions/online -> http://localhost:9000/api/admin/sessions/online
2026-08-15T11:16:43.939+08:00 DEBUG 13496 --- [iam-admin-service] [nio-8085-exec-1] n.x.admin.controller.ApiProxyController  : [proxy] GET /api/admin/sessions/online -> http://localhost:9000/api/admin/sessions/online
2026-08-15T11:16:48.457+08:00 DEBUG 13496 --- [iam-admin-service] [nio-8085-exec-3] n.x.admin.controller.ApiProxyController  : [proxy] POST /api/admin/sessions/users/2/logout -> http://localhost:9000/api/admin/sessions/users/2/logout
2026-08-15T11:16:50.120+08:00 DEBUG 13496 --- [iam-admin-service] [nio-8085-exec-4] n.x.admin.controller.ApiProxyController  : [proxy] POST /api/admin/sessions/users/1/logout -> http://localhost:9000/api/admin/sessions/users/1/logout
2026-08-15T11:16:50.916+08:00 DEBUG 13496 --- [iam-admin-service] [nio-8085-exec-6] n.x.admin.controller.ApiProxyController  : [proxy] GET /api/admin/sessions/online -> http://localhost:9000/api/admin/sessions/online
2026-08-15T11:16:52.639+08:00 DEBUG 13496 --- [iam-admin-service] [nio-8085-exec-5] n.x.admin.controller.ApiProxyController  : [proxy] GET /api/admin/sessions/online -> http://localhost:9000/api/admin/sessions/online
2026-08-15T11:16:59.372+08:00 DEBUG 13496 --- [iam-admin-service] [nio-8085-exec-9] .s.o.c.w.OAuth2LoginAuthenticationFilter : Set SecurityContextHolder to OAuth2AuthenticationToken [Principal=Name: [admin], Granted Authorities: [[OIDC_USER, SCOPE_openid, SCOPE_profile, SCOPE_read, SCOPE_write]], User Attributes: [{sub=admin, roles=[ROLE_ADMIN], iss=http://localhost:9000, preferred_username=admin, nonce=D58i4KzJ-Zs-0OPuaPtXBoJ9nzIAnuJtXbsebnuBFOc, sid=WwXIwXdxe3__T7HMxYjXTJqYWJVHwsOwsC-EREZIsPg, aud=[admin-app], updated_at=2026-08-15T05:16:59.316124500Z, azp=admin-app, auth_time=2026-08-15T03:16:59Z, exp=2026-08-15T03:46:59Z, iat=2026-08-15T03:16:59Z, jti=94cb8ea9-7906-4680-b23d-c292184f7a57}], Credentials=[PROTECTED], Authenticated=true, Details=WebAuthenticationDetails [RemoteIpAddress=0:0:0:0:0:0:0:1, SessionId=4665334AFE3EE1DF330F52D45AF0FB79], Granted Authorities=[OIDC_USER, SCOPE_openid, SCOPE_profile, SCOPE_read, SCOPE_write]]
2026-08-15T11:16:59.373+08:00 DEBUG 13496 --- [iam-admin-service] [nio-8085-exec-9] n.x.a.c.AdminOnlyLoginSuccessHandler     : [login] 管理端账号 admin 登录成功
2026-08-15T11:17:01.538+08:00 DEBUG 13496 --- [iam-admin-service] [nio-8085-exec-3] n.x.admin.controller.ApiProxyController  : [proxy] GET /api/admin/records/consents -> http://localhost:9000/api/admin/records/consents
2026-08-15T11:17:02.701+08:00 DEBUG 13496 --- [iam-admin-service] [nio-8085-exec-4] n.x.admin.controller.ApiProxyController  : [proxy] GET /api/admin/records/consents -> http://localhost:9000/api/admin/records/consents
2026-08-15T11:17:03.742+08:00 DEBUG 13496 --- [iam-admin-service] [nio-8085-exec-5] n.x.admin.controller.ApiProxyController  : [proxy] GET /api/admin/sessions/online -> http://localhost:9000/api/admin/sessions/online
2026-08-15T11:17:04.946+08:00 DEBUG 13496 --- [iam-admin-service] [nio-8085-exec-8] n.x.admin.controller.ApiProxyController  : [proxy] GET /api/admin/sessions/online -> http://localhost:9000/api/admin/sessions/online
2026-08-15T11:17:12.743+08:00 DEBUG 13496 --- [iam-admin-service] [io-8085-exec-10] n.x.admin.controller.ApiProxyController  : [proxy] GET /api/admin/records/consents -> http://localhost:9000/api/admin/records/consents
2026-08-15T11:17:16.532+08:00 DEBUG 13496 --- [iam-admin-service] [nio-8085-exec-3] n.x.admin.controller.ApiProxyController  : [proxy] GET /api/admin/users -> http://localhost:9000/api/admin/users
2026-08-15T11:17:16.533+08:00 DEBUG 13496 --- [iam-admin-service] [nio-8085-exec-4] n.x.admin.controller.ApiProxyController  : [proxy] GET /api/admin/roles -> http://localhost:9010/api/admin/roles
2026-08-15T11:17:26.527+08:00 DEBUG 13496 --- [iam-admin-service] [nio-8085-exec-5] n.x.admin.controller.ApiProxyController  : [proxy] GET /api/admin/users/1 -> http://localhost:9000/api/admin/users/1
2026-08-15T11:17:29.303+08:00 DEBUG 13496 --- [iam-admin-service] [nio-8085-exec-8] n.x.admin.controller.ApiProxyController  : [proxy] GET /api/admin/users/1 -> http://localhost:9000/api/admin/users/1
2026-08-15T11:17:31.181+08:00 DEBUG 13496 --- [iam-admin-service] [nio-8085-exec-9] n.x.admin.controller.ApiProxyController  : [proxy] GET /api/admin/permissions -> http://localhost:9010/api/admin/permissions
2026-08-15T11:17:52.680+08:00 DEBUG 13496 --- [iam-admin-service] [nio-8085-exec-3] n.x.admin.controller.ApiProxyController  : [proxy] GET /api/admin/roles -> http://localhost:9010/api/admin/roles
2026-08-15T11:17:53.979+08:00 DEBUG 13496 --- [iam-admin-service] [nio-8085-exec-4] n.x.admin.controller.ApiProxyController  : [proxy] GET /api/admin/permissions -> http://localhost:9010/api/admin/permissions
2026-08-15T11:18:00.965+08:00 DEBUG 13496 --- [iam-admin-service] [nio-8085-exec-5] n.x.admin.controller.ApiProxyController  : [proxy] GET /api/admin/users -> http://localhost:9000/api/admin/users
2026-08-15T11:18:00.968+08:00 DEBUG 13496 --- [iam-admin-service] [nio-8085-exec-8] n.x.admin.controller.ApiProxyController  : [proxy] GET /api/admin/roles -> http://localhost:9010/api/admin/roles
2026-08-15T11:18:02.270+08:00 DEBUG 13496 --- [iam-admin-service] [nio-8085-exec-2] n.x.admin.controller.ApiProxyController  : [proxy] GET /api/admin/users/1 -> http://localhost:9000/api/admin/users/1
2026-08-15T11:18:43.739+08:00 DEBUG 13496 --- [iam-admin-service] [nio-8085-exec-3] n.x.admin.controller.ApiProxyController  : [proxy] GET /api/admin/roles -> http://localhost:9010/api/admin/roles
2026-08-15T11:18:46.677+08:00 DEBUG 13496 --- [iam-admin-service] [nio-8085-exec-4] n.x.admin.controller.ApiProxyController  : [proxy] GET /api/admin/permissions -> http://localhost:9010/api/admin/permissions
2026-08-15T11:19:23.792+08:00 DEBUG 13496 --- [iam-admin-service] [nio-8085-exec-5] n.x.admin.controller.ApiProxyController  : [proxy] GET /api/admin/permissions -> http://localhost:9010/api/admin/permissions
2026-08-15T11:20:51.142+08:00 DEBUG 13496 --- [iam-admin-service] [nio-8085-exec-9] n.x.admin.controller.ApiProxyController  : [proxy] GET /api/admin/clients -> http://localhost:9000/api/admin/clients
2026-08-15T11:21:05.118+08:00 DEBUG 13496 --- [iam-admin-service] [nio-8085-exec-3] n.x.admin.controller.ApiProxyController  : [proxy] GET /api/admin/records/consents -> http://localhost:9000/api/admin/records/consents
2026-08-15T11:21:16.384+08:00 DEBUG 13496 --- [iam-admin-service] [nio-8085-exec-7] n.x.admin.controller.ApiProxyController  : [proxy] GET /api/admin/sessions/online -> http://localhost:9000/api/admin/sessions/online
2026-08-15T11:21:37.223+08:00 DEBUG 13496 --- [iam-admin-service] [nio-8085-exec-8] n.x.admin.controller.ApiProxyController  : [proxy] GET /api/admin/sessions/users/2 -> http://localhost:9000/api/admin/sessions/users/2
2026-08-15T11:21:41.195+08:00 DEBUG 13496 --- [iam-admin-service] [nio-8085-exec-2] n.x.admin.controller.ApiProxyController  : [proxy] GET /api/admin/sessions/users/1 -> http://localhost:9000/api/admin/sessions/users/1
2026-08-15T11:21:52.602+08:00 DEBUG 13496 --- [iam-admin-service] [io-8085-exec-10] n.x.admin.controller.ApiProxyController  : [proxy] GET /api/admin/sessions/users/2 -> http://localhost:9000/api/admin/sessions/users/2
2026-08-15T11:25:05.874+08:00 DEBUG 13496 --- [iam-admin-service] [nio-8085-exec-4] n.x.admin.controller.ApiProxyController  : [proxy] GET /api/admin/sessions/online -> http://localhost:9000/api/admin/sessions/online
2026-08-15T11:25:06.803+08:00 DEBUG 13496 --- [iam-admin-service] [nio-8085-exec-7] n.x.admin.controller.ApiProxyController  : [proxy] GET /api/admin/sessions/online -> http://localhost:9000/api/admin/sessions/online
2026-08-15T11:25:07.652+08:00 DEBUG 13496 --- [iam-admin-service] [nio-8085-exec-8] n.x.admin.controller.ApiProxyController  : [proxy] GET /api/admin/users -> http://localhost:9000/api/admin/users
2026-08-15T11:25:07.656+08:00 DEBUG 13496 --- [iam-admin-service] [nio-8085-exec-2] n.x.admin.controller.ApiProxyController  : [proxy] GET /api/admin/roles -> http://localhost:9010/api/admin/roles
2026-08-15T11:25:09.039+08:00 DEBUG 13496 --- [iam-admin-service] [io-8085-exec-10] n.x.admin.controller.ApiProxyController  : [proxy] GET /api/admin/roles -> http://localhost:9010/api/admin/roles
2026-08-15T11:25:09.628+08:00 DEBUG 13496 --- [iam-admin-service] [nio-8085-exec-3] n.x.admin.controller.ApiProxyController  : [proxy] GET /api/admin/permissions -> http://localhost:9010/api/admin/permissions
2026-08-15T11:25:10.251+08:00 DEBUG 13496 --- [iam-admin-service] [nio-8085-exec-4] n.x.admin.controller.ApiProxyController  : [proxy] GET /api/admin/clients -> http://localhost:9000/api/admin/clients
2026-08-15T11:25:20.267+08:00 DEBUG 13496 --- [iam-admin-service] [nio-8085-exec-9] n.x.admin.controller.ApiProxyController  : [proxy] GET /api/admin/users -> http://localhost:9000/api/admin/users
2026-08-15T11:25:20.268+08:00 DEBUG 13496 --- [iam-admin-service] [io-8085-exec-10] n.x.admin.controller.ApiProxyController  : [proxy] GET /api/admin/roles -> http://localhost:9010/api/admin/roles
2026-08-15T11:26:39.237+08:00 DEBUG 13496 --- [iam-admin-service] [nio-8085-exec-4] n.x.admin.controller.ApiProxyController  : [proxy] GET /api/admin/roles -> http://localhost:9010/api/admin/roles
2026-08-15T11:26:40.833+08:00 DEBUG 13496 --- [iam-admin-service] [nio-8085-exec-8] n.x.admin.controller.ApiProxyController  : [proxy] GET /api/admin/users -> http://localhost:9000/api/admin/users
2026-08-15T11:26:40.836+08:00 DEBUG 13496 --- [iam-admin-service] [nio-8085-exec-2] n.x.admin.controller.ApiProxyController  : [proxy] GET /api/admin/roles -> http://localhost:9010/api/admin/roles
2026-08-15T11:26:42.451+08:00 DEBUG 13496 --- [iam-admin-service] [nio-8085-exec-9] n.x.admin.controller.ApiProxyController  : [proxy] GET /api/admin/users -> http://localhost:9000/api/admin/users
2026-08-15T11:26:42.456+08:00 DEBUG 13496 --- [iam-admin-service] [io-8085-exec-10] n.x.admin.controller.ApiProxyController  : [proxy] GET /api/admin/roles -> http://localhost:9010/api/admin/roles
2026-08-15T11:26:43.987+08:00 DEBUG 13496 --- [iam-admin-service] [nio-8085-exec-3] n.x.admin.controller.ApiProxyController  : [proxy] GET /api/admin/roles -> http://localhost:9010/api/admin/roles
2026-08-15T11:26:44.589+08:00 DEBUG 13496 --- [iam-admin-service] [nio-8085-exec-4] n.x.admin.controller.ApiProxyController  : [proxy] GET /api/admin/permissions -> http://localhost:9010/api/admin/permissions
2026-08-15T11:26:45.093+08:00 DEBUG 13496 --- [iam-admin-service] [nio-8085-exec-8] n.x.admin.controller.ApiProxyController  : [proxy] GET /api/admin/clients -> http://localhost:9000/api/admin/clients
2026-08-15T11:26:45.576+08:00 DEBUG 13496 --- [iam-admin-service] [nio-8085-exec-7] n.x.admin.controller.ApiProxyController  : [proxy] GET /api/admin/records/consents -> http://localhost:9000/api/admin/records/consents
2026-08-15T11:26:46.376+08:00 DEBUG 13496 --- [iam-admin-service] [io-8085-exec-10] n.x.admin.controller.ApiProxyController  : [proxy] GET /api/admin/sessions/online -> http://localhost:9000/api/admin/sessions/online
2026-08-15T11:26:47.093+08:00 DEBUG 13496 --- [iam-admin-service] [nio-8085-exec-3] n.x.admin.controller.ApiProxyController  : [proxy] GET /api/admin/records/consents -> http://localhost:9000/api/admin/records/consents
2026-08-15T11:26:47.483+08:00 DEBUG 13496 --- [iam-admin-service] [nio-8085-exec-4] n.x.admin.controller.ApiProxyController  : [proxy] GET /api/admin/clients -> http://localhost:9000/api/admin/clients
2026-08-15T11:26:47.896+08:00 DEBUG 13496 --- [iam-admin-service] [nio-8085-exec-8] n.x.admin.controller.ApiProxyController  : [proxy] GET /api/admin/permissions -> http://localhost:9010/api/admin/permissions
2026-08-15T11:26:48.589+08:00 DEBUG 13496 --- [iam-admin-service] [nio-8085-exec-7] n.x.admin.controller.ApiProxyController  : [proxy] GET /api/admin/permissions -> http://localhost:9010/api/admin/permissions
2026-08-15T11:26:49.086+08:00 DEBUG 13496 --- [iam-admin-service] [nio-8085-exec-1] n.x.admin.controller.ApiProxyController  : [proxy] GET /api/admin/roles -> http://localhost:9010/api/admin/roles
2026-08-15T11:26:49.498+08:00 DEBUG 13496 --- [iam-admin-service] [nio-8085-exec-6] n.x.admin.controller.ApiProxyController  : [proxy] GET /api/admin/users -> http://localhost:9000/api/admin/users
2026-08-15T11:26:49.498+08:00 DEBUG 13496 --- [iam-admin-service] [nio-8085-exec-4] n.x.admin.controller.ApiProxyController  : [proxy] GET /api/admin/roles -> http://localhost:9010/api/admin/roles
2026-08-15T11:27:01.369+08:00 DEBUG 13496 --- [iam-admin-service] [nio-8085-exec-7] n.x.admin.controller.ApiProxyController  : [proxy] GET /api/admin/users -> http://localhost:9000/api/admin/users
2026-08-15T11:27:01.372+08:00 DEBUG 13496 --- [iam-admin-service] [nio-8085-exec-9] n.x.admin.controller.ApiProxyController  : [proxy] GET /api/admin/roles -> http://localhost:9010/api/admin/roles
2026-08-15T11:27:02.699+08:00 DEBUG 13496 --- [iam-admin-service] [nio-8085-exec-1] n.x.admin.controller.ApiProxyController  : [proxy] GET /api/admin/users/1 -> http://localhost:9000/api/admin/users/1
2026-08-15T11:36:36.915+08:00 DEBUG 13496 --- [iam-admin-service] [io-8085-exec-10] n.x.admin.controller.ApiProxyController  : [proxy] GET /api/admin/users -> http://localhost:9000/api/admin/users
2026-08-15T11:36:36.918+08:00 DEBUG 13496 --- [iam-admin-service] [nio-8085-exec-5] n.x.admin.controller.ApiProxyController  : [proxy] GET /api/admin/roles -> http://localhost:9010/api/admin/roles
2026-08-15T11:36:39.960+08:00 DEBUG 13496 --- [iam-admin-service] [nio-8085-exec-8] n.x.admin.controller.ApiProxyController  : [proxy] GET /api/admin/users/1 -> http://localhost:9000/api/admin/users/1
2026-08-15T11:36:51.469+08:00 DEBUG 13496 --- [iam-admin-service] [nio-8085-exec-9] n.x.admin.controller.ApiProxyController  : [proxy] GET /api/admin/user-roles/admin -> http://localhost:9010/api/admin/user-roles/admin
2026-08-15T11:36:53.337+08:00 DEBUG 13496 --- [iam-admin-service] [nio-8085-exec-1] n.x.admin.controller.ApiProxyController  : [proxy] GET /api/admin/user-roles/user -> http://localhost:9010/api/admin/user-roles/user
2026-08-15T11:36:55.121+08:00 DEBUG 13496 --- [iam-admin-service] [nio-8085-exec-6] n.x.admin.controller.ApiProxyController  : [proxy] GET /api/admin/roles -> http://localhost:9010/api/admin/roles
2026-08-15T11:37:05.026+08:00 DEBUG 13496 --- [iam-admin-service] [nio-8085-exec-5] n.x.admin.controller.ApiProxyController  : [proxy] GET /api/admin/permissions -> http://localhost:9010/api/admin/permissions
2026-08-15T11:37:17.175+08:00 DEBUG 13496 --- [iam-admin-service] [nio-8085-exec-7] n.x.admin.controller.ApiProxyController  : [proxy] GET /api/admin/clients -> http://localhost:9000/api/admin/clients
2026-08-15T11:37:22.166+08:00 DEBUG 13496 --- [iam-admin-service] [nio-8085-exec-9] n.x.admin.controller.ApiProxyController  : [proxy] GET /api/admin/clients/1 -> http://localhost:9000/api/admin/clients/1
2026-08-15T11:37:24.522+08:00 DEBUG 13496 --- [iam-admin-service] [nio-8085-exec-3] n.x.admin.controller.ApiProxyController  : [proxy] GET /api/admin/permissions -> http://localhost:9010/api/admin/permissions
2026-08-15T11:37:27.130+08:00 DEBUG 13496 --- [iam-admin-service] [nio-8085-exec-4] n.x.admin.controller.ApiProxyController  : [proxy] GET /api/admin/clients -> http://localhost:9000/api/admin/clients
2026-08-15T11:37:27.576+08:00 DEBUG 13496 --- [iam-admin-service] [nio-8085-exec-5] n.x.admin.controller.ApiProxyController  : [proxy] GET /api/admin/records/consents -> http://localhost:9000/api/admin/records/consents
2026-08-15T11:37:28.075+08:00 DEBUG 13496 --- [iam-admin-service] [nio-8085-exec-2] n.x.admin.controller.ApiProxyController  : [proxy] GET /api/admin/sessions/online -> http://localhost:9000/api/admin/sessions/online
2026-08-15T11:37:29.401+08:00 DEBUG 13496 --- [iam-admin-service] [nio-8085-exec-7] n.x.admin.controller.ApiProxyController  : [proxy] GET /api/admin/sessions/online -> http://localhost:9000/api/admin/sessions/online
2026-08-15T11:37:33.535+08:00 DEBUG 13496 --- [iam-admin-service] [nio-8085-exec-9] n.x.admin.controller.ApiProxyController  : [proxy] GET /api/admin/sessions/users/1 -> http://localhost:9000/api/admin/sessions/users/1
2026-08-15T11:37:53.784+08:00 DEBUG 13496 --- [iam-admin-service] [nio-8085-exec-3] n.x.admin.controller.ApiProxyController  : [proxy] GET /api/admin/sessions/users/1 -> http://localhost:9000/api/admin/sessions/users/1
2026-08-15T11:37:59.062+08:00 DEBUG 13496 --- [iam-admin-service] [io-8085-exec-10] n.x.admin.controller.ApiProxyController  : [proxy] GET /api/admin/sessions/online -> http://localhost:9000/api/admin/sessions/online
2026-08-15T11:37:59.599+08:00 DEBUG 13496 --- [iam-admin-service] [nio-8085-exec-8] n.x.admin.controller.ApiProxyController  : [proxy] GET /api/admin/sessions/online -> http://localhost:9000/api/admin/sessions/online
2026-08-15T11:40:18.337+08:00 DEBUG 13496 --- [iam-admin-service] [nio-8085-exec-1] n.x.admin.controller.ApiProxyController  : [proxy] GET /api/admin/records/consents -> http://localhost:9000/api/admin/records/consents
2026-08-15T11:40:18.917+08:00 DEBUG 13496 --- [iam-admin-service] [nio-8085-exec-3] n.x.admin.controller.ApiProxyController  : [proxy] GET /api/admin/sessions/online -> http://localhost:9000/api/admin/sessions/online
2026-08-15T11:40:20.455+08:00 DEBUG 13496 --- [iam-admin-service] [nio-8085-exec-4] n.x.admin.controller.ApiProxyController  : [proxy] GET /api/admin/sessions/online -> http://localhost:9000/api/admin/sessions/online
2026-08-15T11:40:22.458+08:00 DEBUG 13496 --- [iam-admin-service] [io-8085-exec-10] n.x.admin.controller.ApiProxyController  : [proxy] GET /api/admin/sessions/online -> http://localhost:9000/api/admin/sessions/online
2026-08-15T11:40:26.857+08:00 DEBUG 13496 --- [iam-admin-service] [nio-8085-exec-2] n.x.admin.controller.ApiProxyController  : [proxy] GET /api/admin/sessions/online -> http://localhost:9000/api/admin/sessions/online
2026-08-15T11:40:29.153+08:00 DEBUG 13496 --- [iam-admin-service] [nio-8085-exec-9] n.x.admin.controller.ApiProxyController  : [proxy] GET /api/admin/sessions/users/1 -> http://localhost:9000/api/admin/sessions/users/1
2026-08-15T11:41:19.009+08:00 DEBUG 13496 --- [iam-admin-service] [nio-8085-exec-5] n.x.admin.controller.ApiProxyController  : [proxy] GET /api/admin/records/consents -> http://localhost:9000/api/admin/records/consents
2026-08-15T11:41:29.056+08:00 DEBUG 13496 --- [iam-admin-service] [io-8085-exec-10] n.x.admin.controller.ApiProxyController  : [proxy] GET /api/admin/permissions -> http://localhost:9010/api/admin/permissions
[INFO] ------------------------------------------------------------------------
[INFO] BUILD FAILURE
[INFO] ------------------------------------------------------------------------
[INFO] Total time:  01:09 h
[INFO] Finished at: 2026-08-15T12:00:32+08:00
[INFO] ------------------------------------------------------------------------
[ERROR] Failed to execute goal org.springframework.boot:spring-boot-maven-plugin:3.4.1:run (default-cli) on project iam-admin-service: Process terminated with exit code: -1 -> [Help 1]
[ERROR] 
[ERROR] To see the full stack trace of the errors, re-run Maven with the -e switch.
[ERROR] Re-run Maven using the -X switch to enable full debug logging.
[ERROR] 
[ERROR] For more information about the errors and possible solutions, please read the following articles:
[ERROR] [Help 1] http://cwiki.apache.org/confluence/display/MAVEN/MojoExecutionException
