[INFO] Scanning for projects...
[INFO] 
[INFO] ---------------------< net.xzh:iam-admin-service >----------------------
[INFO] Building iam-admin-service 1.0.0
[INFO] --------------------------------[ jar ]---------------------------------
[INFO] 
[INFO] >>> spring-boot-maven-plugin:3.4.1:run (default-cli) > test-compile @ iam-admin-service >>>
[INFO] 
[INFO] --- maven-resources-plugin:3.3.1:resources (default-resources) @ iam-admin-service ---
[INFO] Copying 1 resource from src\main\resources to target\classes
[INFO] Copying 0 resource from src\main\resources to target\classes
[INFO] 
[INFO] --- maven-compiler-plugin:3.13.0:compile (default-compile) @ iam-admin-service ---
[INFO] Nothing to compile - all classes are up to date.
[INFO] 
[INFO] --- maven-resources-plugin:3.3.1:testResources (default-testResources) @ iam-admin-service ---
[INFO] skip non existing resourceDirectory D:\GitHub\spring-boot3-demo\iam-platform\iam-admin-service\src\test\resources
[INFO] 
[INFO] --- maven-compiler-plugin:3.13.0:testCompile (default-testCompile) @ iam-admin-service ---
[INFO] No sources to compile
[INFO] 
[INFO] <<< spring-boot-maven-plugin:3.4.1:run (default-cli) < test-compile @ iam-admin-service <<<
[INFO] 
[INFO] 
[INFO] --- spring-boot-maven-plugin:3.4.1:run (default-cli) @ iam-admin-service ---
[INFO] Attaching agents: []

  .   ____          _            __ _ _
 /\\ / ___'_ __ _ _(_)_ __  __ _ \ \ \ \
( ( )\___ | '_ | '_| | '_ \/ _` | \ \ \ \
 \\/  ___)| |_)| | | | | || (_| |  ) ) ) )
  '  |____| .__|_| |_|_| |_\__, | / / / /
 =========|_|==============|___/=/_/_/_/

 :: Spring Boot ::                (v3.4.1)

2026-08-15T16:41:59.961+08:00  INFO 5660 --- [iam-admin-service] [           main] net.xzh.admin.AdminServiceApplication    : Starting AdminServiceApplication using Java 17.0.13 with PID 5660 (D:\GitHub\spring-boot3-demo\iam-platform\iam-admin-service\target\classes started by admin in D:\GitHub\spring-boot3-demo\iam-platform\iam-admin-service)
2026-08-15T16:41:59.965+08:00 DEBUG 5660 --- [iam-admin-service] [           main] net.xzh.admin.AdminServiceApplication    : Running with Spring Boot v3.4.1, Spring v6.2.1
2026-08-15T16:41:59.967+08:00  INFO 5660 --- [iam-admin-service] [           main] net.xzh.admin.AdminServiceApplication    : No active profile set, falling back to 1 default profile: "default"
2026-08-15T16:42:01.320+08:00  INFO 5660 --- [iam-admin-service] [           main] o.s.b.w.embedded.tomcat.TomcatWebServer  : Tomcat initialized with port 8085 (http)
2026-08-15T16:42:01.342+08:00  INFO 5660 --- [iam-admin-service] [           main] o.apache.catalina.core.StandardService   : Starting service [Tomcat]
2026-08-15T16:42:01.342+08:00  INFO 5660 --- [iam-admin-service] [           main] o.apache.catalina.core.StandardEngine    : Starting Servlet engine: [Apache Tomcat/10.1.34]
2026-08-15T16:42:01.415+08:00  INFO 5660 --- [iam-admin-service] [           main] o.a.c.c.C.[Tomcat].[localhost].[/]       : Initializing Spring embedded WebApplicationContext
2026-08-15T16:42:01.418+08:00  INFO 5660 --- [iam-admin-service] [           main] w.s.c.ServletWebServerApplicationContext : Root WebApplicationContext: initialization completed in 1376 ms
2026-08-15T16:42:02.574+08:00  INFO 5660 --- [iam-admin-service] [           main] o.s.b.w.embedded.tomcat.TomcatWebServer  : Tomcat started on port 8085 (http) with context path '/'
2026-08-15T16:42:02.597+08:00  INFO 5660 --- [iam-admin-service] [           main] net.xzh.admin.AdminServiceApplication    : Started AdminServiceApplication in 3.26 seconds (process running for 3.72)
2026-08-15T16:42:07.492+08:00  INFO 5660 --- [iam-admin-service] [nio-8085-exec-2] o.a.c.c.C.[Tomcat].[localhost].[/]       : Initializing Spring DispatcherServlet 'dispatcherServlet'
2026-08-15T16:42:07.504+08:00  INFO 5660 --- [iam-admin-service] [nio-8085-exec-2] o.s.web.servlet.DispatcherServlet        : Initializing Servlet 'dispatcherServlet'
2026-08-15T16:42:07.506+08:00  INFO 5660 --- [iam-admin-service] [nio-8085-exec-2] o.s.web.servlet.DispatcherServlet        : Completed initialization in 1 ms
2026-08-15T16:44:38.139+08:00 DEBUG 5660 --- [iam-admin-service] [nio-8085-exec-5] .s.o.c.w.OAuth2LoginAuthenticationFilter : Set SecurityContextHolder to OAuth2AuthenticationToken [Principal=Name: [u_1a2b3c4d5e6f708090a0b0c0d0e0f001], Granted Authorities: [[OIDC_USER, SCOPE_openid, SCOPE_profile, SCOPE_read, SCOPE_write]], User Attributes: [{sub=u_1a2b3c4d5e6f708090a0b0c0d0e0f001, aud=[admin-app], updated_at=2026-08-15T10:44:37.889243800Z, azp=admin-app, roles=[ROLE_ADMIN], iss=http://localhost:9000, preferred_username=admin, exp=2026-08-15T09:14:37Z, iat=2026-08-15T08:44:37Z, nonce=24mmGFySSBxrN8133RZY1_eBB148YHKHcaSlv052OvM, jti=08aa8359-f2c0-44a8-88cd-9643962379ec}], Credentials=[PROTECTED], Authenticated=true, Details=WebAuthenticationDetails [RemoteIpAddress=0:0:0:0:0:0:0:1, SessionId=A320DCCAB209AA608951119FC91030D5], Granted Authorities=[OIDC_USER, SCOPE_openid, SCOPE_profile, SCOPE_read, SCOPE_write]]
2026-08-15T16:44:38.139+08:00 DEBUG 5660 --- [iam-admin-service] [nio-8085-exec-5] n.x.a.c.AdminOnlyLoginSuccessHandler     : [login] 管理端账号 u_1a2b3c4d5e6f708090a0b0c0d0e0f001 登录成功
2026-08-15T16:44:38.260+08:00 DEBUG 5660 --- [iam-admin-service] [nio-8085-exec-6] n.x.admin.controller.ApiProxyController  : [proxy] GET /api/admin/tenants -> http://localhost:9000/api/admin/tenants
2026-08-15T16:44:38.474+08:00 DEBUG 5660 --- [iam-admin-service] [nio-8085-exec-7] n.x.admin.controller.ApiProxyController  : [proxy] GET /api/admin/users -> http://localhost:9000/api/admin/users
2026-08-15T16:44:38.584+08:00 DEBUG 5660 --- [iam-admin-service] [io-8085-exec-10] n.x.admin.controller.ApiProxyController  : [proxy] GET /api/admin/roles -> http://localhost:9010/api/admin/roles
2026-08-15T16:44:38.808+08:00 DEBUG 5660 --- [iam-admin-service] [nio-8085-exec-9] n.x.admin.controller.ApiProxyController  : [proxy] GET /api/admin/permissions -> http://localhost:9010/api/admin/permissions
2026-08-15T16:44:39.019+08:00 DEBUG 5660 --- [iam-admin-service] [nio-8085-exec-8] n.x.admin.controller.ApiProxyController  : [proxy] GET /api/admin/clients -> http://localhost:9000/api/admin/clients
2026-08-15T16:44:39.121+08:00 DEBUG 5660 --- [iam-admin-service] [nio-8085-exec-2] n.x.admin.controller.ApiProxyController  : [proxy] GET /api/admin/policies -> http://localhost:9000/api/admin/policies
2026-08-15T16:44:39.273+08:00 DEBUG 5660 --- [iam-admin-service] [nio-8085-exec-3] n.x.admin.controller.ApiProxyController  : [proxy] GET /api/admin/records -> http://localhost:9000/api/admin/records
2026-08-15T16:44:39.349+08:00 DEBUG 5660 --- [iam-admin-service] [nio-8085-exec-1] n.x.admin.controller.ApiProxyController  : [proxy] GET /api/admin/sessions -> http://localhost:9000/api/admin/sessions
2026-08-15T16:44:57.147+08:00 DEBUG 5660 --- [iam-admin-service] [io-8085-exec-10] .s.o.c.w.OAuth2LoginAuthenticationFilter : Set SecurityContextHolder to OAuth2AuthenticationToken [Principal=Name: [u_1a2b3c4d5e6f708090a0b0c0d0e0f001], Granted Authorities: [[OIDC_USER, SCOPE_openid, SCOPE_profile, SCOPE_read, SCOPE_write]], User Attributes: [{sub=u_1a2b3c4d5e6f708090a0b0c0d0e0f001, aud=[admin-app], updated_at=2026-08-15T10:44:57.091015800Z, azp=admin-app, roles=[ROLE_ADMIN], iss=http://localhost:9000, preferred_username=admin, exp=2026-08-15T09:14:57Z, iat=2026-08-15T08:44:57Z, nonce=dTL_uLt8-Q9aEg-5KZo7vKtDgBl8nKfFOBwgQt0kKyM, jti=8daf5d55-7033-4956-94dc-a9f5b1d3c4b4}], Credentials=[PROTECTED], Authenticated=true, Details=WebAuthenticationDetails [RemoteIpAddress=0:0:0:0:0:0:0:1, SessionId=BB6B534D07592814C22502EBB44A718D], Granted Authorities=[OIDC_USER, SCOPE_openid, SCOPE_profile, SCOPE_read, SCOPE_write]]
2026-08-15T16:44:57.147+08:00 DEBUG 5660 --- [iam-admin-service] [io-8085-exec-10] n.x.a.c.AdminOnlyLoginSuccessHandler     : [login] 管理端账号 u_1a2b3c4d5e6f708090a0b0c0d0e0f001 登录成功
2026-08-15T16:44:57.214+08:00 DEBUG 5660 --- [iam-admin-service] [nio-8085-exec-9] n.x.admin.controller.ApiProxyController  : [proxy] GET /api/admin/sessions/online -> http://localhost:9000/api/admin/sessions/online
2026-08-15T16:44:57.509+08:00 DEBUG 5660 --- [iam-admin-service] [nio-8085-exec-8] n.x.admin.controller.ApiProxyController  : [proxy] GET /api/admin/records -> http://localhost:9000/api/admin/records
2026-08-15T16:45:15.762+08:00 DEBUG 5660 --- [iam-admin-service] [nio-8085-exec-4] .s.o.c.w.OAuth2LoginAuthenticationFilter : Set SecurityContextHolder to OAuth2AuthenticationToken [Principal=Name: [u_1a2b3c4d5e6f708090a0b0c0d0e0f001], Granted Authorities: [[OIDC_USER, SCOPE_openid, SCOPE_profile, SCOPE_read, SCOPE_write]], User Attributes: [{sub=u_1a2b3c4d5e6f708090a0b0c0d0e0f001, aud=[admin-app], updated_at=2026-08-15T10:45:15.713728600Z, azp=admin-app, roles=[ROLE_ADMIN], iss=http://localhost:9000, preferred_username=admin, exp=2026-08-15T09:15:15Z, iat=2026-08-15T08:45:15Z, nonce=WrYQTCrKSG54hssf_WzW1h3iGBRtIfocmS8kl2OInNQ, jti=eef86c00-611e-4e60-9d7c-f2bb5f17d60b}], Credentials=[PROTECTED], Authenticated=true, Details=WebAuthenticationDetails [RemoteIpAddress=0:0:0:0:0:0:0:1, SessionId=5E2BC2246849A255826D7F09796ED291], Granted Authorities=[OIDC_USER, SCOPE_openid, SCOPE_profile, SCOPE_read, SCOPE_write]]
2026-08-15T16:45:15.762+08:00 DEBUG 5660 --- [iam-admin-service] [nio-8085-exec-4] n.x.a.c.AdminOnlyLoginSuccessHandler     : [login] 管理端账号 u_1a2b3c4d5e6f708090a0b0c0d0e0f001 登录成功
2026-08-15T16:45:15.856+08:00 DEBUG 5660 --- [iam-admin-service] [nio-8085-exec-5] n.x.admin.controller.ApiProxyController  : [proxy] PUT /api/admin/user-roles/u_1a2b3c4d5e6f708090a0b0c0d0e0f002 -> http://localhost:9010/api/admin/user-roles/u_1a2b3c4d5e6f708090a0b0c0d0e0f002
2026-08-15T16:45:16.062+08:00 DEBUG 5660 --- [iam-admin-service] [nio-8085-exec-6] n.x.admin.controller.ApiProxyController  : [proxy] GET /api/admin/users -> http://localhost:9000/api/admin/users
2026-08-15T16:45:16.206+08:00 DEBUG 5660 --- [iam-admin-service] [nio-8085-exec-7] n.x.admin.controller.ApiProxyController  : [proxy] GET /api/admin/users -> http://localhost:9000/api/admin/users
2026-08-15T16:45:16.265+08:00 DEBUG 5660 --- [iam-admin-service] [io-8085-exec-10] n.x.admin.controller.ApiProxyController  : [proxy] PUT /api/admin/user-tenants/2 -> http://localhost:9000/api/admin/user-tenants/2
2026-08-15T16:45:16.333+08:00 DEBUG 5660 --- [iam-admin-service] [nio-8085-exec-9] n.x.admin.controller.ApiProxyController  : [proxy] POST /api/admin/policies -> http://localhost:9000/api/admin/policies
2026-08-15T16:45:16.404+08:00 DEBUG 5660 --- [iam-admin-service] [nio-8085-exec-8] n.x.admin.controller.ApiProxyController  : [proxy] GET /api/admin/policies -> http://localhost:9000/api/admin/policies
2026-08-15T16:45:16.480+08:00 DEBUG 5660 --- [iam-admin-service] [nio-8085-exec-2] n.x.admin.controller.ApiProxyController  : [proxy] DELETE /api/admin/policies/service-app -> http://localhost:9000/api/admin/policies/service-app
2026-08-15T16:45:16.556+08:00 DEBUG 5660 --- [iam-admin-service] [nio-8085-exec-3] n.x.admin.controller.ApiProxyController  : [proxy] POST /api/admin/tenants -> http://localhost:9000/api/admin/tenants
2026-08-15T16:45:16.589+08:00 DEBUG 5660 --- [iam-admin-service] [nio-8085-exec-1] n.x.admin.controller.ApiProxyController  : [proxy] GET /api/admin/tenants -> http://localhost:9000/api/admin/tenants
2026-08-15T16:45:16.638+08:00 DEBUG 5660 --- [iam-admin-service] [nio-8085-exec-4] n.x.admin.controller.ApiProxyController  : [proxy] DELETE /api/admin/tenants/ -> http://localhost:9000/api/admin/tenants/
2026-08-15T16:46:32.088+08:00 DEBUG 5660 --- [iam-admin-service] [io-8085-exec-10] .s.o.c.w.OAuth2LoginAuthenticationFilter : Set SecurityContextHolder to OAuth2AuthenticationToken [Principal=Name: [u_1a2b3c4d5e6f708090a0b0c0d0e0f001], Granted Authorities: [[OIDC_USER, SCOPE_openid, SCOPE_profile, SCOPE_read, SCOPE_write]], User Attributes: [{sub=u_1a2b3c4d5e6f708090a0b0c0d0e0f001, aud=[admin-app], updated_at=2026-08-15T10:46:32.044112100Z, azp=admin-app, roles=[ROLE_ADMIN], iss=http://localhost:9000, preferred_username=admin, exp=2026-08-15T09:16:32Z, iat=2026-08-15T08:46:32Z, nonce=LqJ1CG7mPAdWuyqrSJJMp2yMVYiDYaoOUq4AE94GeKM, jti=ab29cafa-2bcf-4357-bcaf-66745b602f0e}], Credentials=[PROTECTED], Authenticated=true, Details=WebAuthenticationDetails [RemoteIpAddress=0:0:0:0:0:0:0:1, SessionId=5664050495066E639AC291F68D116B61], Granted Authorities=[OIDC_USER, SCOPE_openid, SCOPE_profile, SCOPE_read, SCOPE_write]]
2026-08-15T16:46:32.089+08:00 DEBUG 5660 --- [iam-admin-service] [io-8085-exec-10] n.x.a.c.AdminOnlyLoginSuccessHandler     : [login] 管理端账号 u_1a2b3c4d5e6f708090a0b0c0d0e0f001 登录成功
2026-08-15T16:46:32.162+08:00 DEBUG 5660 --- [iam-admin-service] [nio-8085-exec-9] n.x.admin.controller.ApiProxyController  : [proxy] GET /api/admin/user-roles/u_1a2b3c4d5e6f708090a0b0c0d0e0f002 -> http://localhost:9010/api/admin/user-roles/u_1a2b3c4d5e6f708090a0b0c0d0e0f002
2026-08-15T16:46:32.323+08:00 DEBUG 5660 --- [iam-admin-service] [nio-8085-exec-8] n.x.admin.controller.ApiProxyController  : [proxy] PUT /api/admin/user-roles/u_1a2b3c4d5e6f708090a0b0c0d0e0f002 -> http://localhost:9010/api/admin/user-roles/u_1a2b3c4d5e6f708090a0b0c0d0e0f002
2026-08-15T16:46:32.484+08:00 DEBUG 5660 --- [iam-admin-service] [nio-8085-exec-2] n.x.admin.controller.ApiProxyController  : [proxy] GET /api/admin/user-roles/u_1a2b3c4d5e6f708090a0b0c0d0e0f002 -> http://localhost:9010/api/admin/user-roles/u_1a2b3c4d5e6f708090a0b0c0d0e0f002
2026-08-15T16:46:32.650+08:00 DEBUG 5660 --- [iam-admin-service] [nio-8085-exec-3] n.x.admin.controller.ApiProxyController  : [proxy] POST /api/admin/tenants -> http://localhost:9000/api/admin/tenants
2026-08-15T16:46:32.702+08:00 DEBUG 5660 --- [iam-admin-service] [nio-8085-exec-1] n.x.admin.controller.ApiProxyController  : [proxy] GET /api/admin/tenants -> http://localhost:9000/api/admin/tenants
2026-08-15T16:46:32.844+08:00 DEBUG 5660 --- [iam-admin-service] [nio-8085-exec-4] n.x.admin.controller.ApiProxyController  : [proxy] GET /api/admin/tenants -> http://localhost:9000/api/admin/tenants
2026-08-15T16:46:32.892+08:00 DEBUG 5660 --- [iam-admin-service] [nio-8085-exec-5] n.x.admin.controller.ApiProxyController  : [proxy] PUT /api/admin/tenants/ -> http://localhost:9000/api/admin/tenants/
2026-08-15T16:46:32.916+08:00 DEBUG 5660 --- [iam-admin-service] [nio-8085-exec-6] n.x.admin.controller.ApiProxyController  : [proxy] GET /api/admin/tenants -> http://localhost:9000/api/admin/tenants
2026-08-15T16:46:32.980+08:00 DEBUG 5660 --- [iam-admin-service] [nio-8085-exec-7] n.x.admin.controller.ApiProxyController  : [proxy] DELETE /api/admin/tenants/ -> http://localhost:9000/api/admin/tenants/
2026-08-15T16:46:33.004+08:00 DEBUG 5660 --- [iam-admin-service] [io-8085-exec-10] n.x.admin.controller.ApiProxyController  : [proxy] GET /api/admin/tenants -> http://localhost:9000/api/admin/tenants
2026-08-15T16:46:33.076+08:00 DEBUG 5660 --- [iam-admin-service] [nio-8085-exec-9] n.x.admin.controller.ApiProxyController  : [proxy] POST /api/admin/policies -> http://localhost:9000/api/admin/policies
2026-08-15T16:46:33.129+08:00 DEBUG 5660 --- [iam-admin-service] [nio-8085-exec-8] n.x.admin.controller.ApiProxyController  : [proxy] GET /api/admin/policies -> http://localhost:9000/api/admin/policies
2026-08-15T16:46:33.207+08:00 DEBUG 5660 --- [iam-admin-service] [nio-8085-exec-2] n.x.admin.controller.ApiProxyController  : [proxy] DELETE /api/admin/policies/web-app -> http://localhost:9000/api/admin/policies/web-app
2026-08-15T16:47:02.888+08:00 DEBUG 5660 --- [iam-admin-service] [nio-8085-exec-5] .s.o.c.w.OAuth2LoginAuthenticationFilter : Set SecurityContextHolder to OAuth2AuthenticationToken [Principal=Name: [u_1a2b3c4d5e6f708090a0b0c0d0e0f001], Granted Authorities: [[OIDC_USER, SCOPE_openid, SCOPE_profile, SCOPE_read, SCOPE_write]], User Attributes: [{sub=u_1a2b3c4d5e6f708090a0b0c0d0e0f001, aud=[admin-app], updated_at=2026-08-15T10:47:02.842908700Z, azp=admin-app, roles=[ROLE_ADMIN], iss=http://localhost:9000, preferred_username=admin, exp=2026-08-15T09:17:02Z, iat=2026-08-15T08:47:02Z, nonce=zGd53zIXSJelRo-06XPpgRD3erHmJNIgvCUuzZ9R5vk, jti=15467610-b971-4cc2-88bc-c2b35c1cad54}], Credentials=[PROTECTED], Authenticated=true, Details=WebAuthenticationDetails [RemoteIpAddress=0:0:0:0:0:0:0:1, SessionId=D6A90DB247FDCD81222BD8ACABFC8B44], Granted Authorities=[OIDC_USER, SCOPE_openid, SCOPE_profile, SCOPE_read, SCOPE_write]]
2026-08-15T16:47:02.888+08:00 DEBUG 5660 --- [iam-admin-service] [nio-8085-exec-5] n.x.a.c.AdminOnlyLoginSuccessHandler     : [login] 管理端账号 u_1a2b3c4d5e6f708090a0b0c0d0e0f001 登录成功
2026-08-15T16:47:02.956+08:00 DEBUG 5660 --- [iam-admin-service] [nio-8085-exec-6] n.x.admin.controller.ApiProxyController  : [proxy] POST /api/admin/tenants -> http://localhost:9000/api/admin/tenants
2026-08-15T16:47:20.089+08:00 DEBUG 5660 --- [iam-admin-service] [nio-8085-exec-8] .s.o.c.w.OAuth2LoginAuthenticationFilter : Set SecurityContextHolder to OAuth2AuthenticationToken [Principal=Name: [u_1a2b3c4d5e6f708090a0b0c0d0e0f001], Granted Authorities: [[OIDC_USER, SCOPE_openid, SCOPE_profile, SCOPE_read, SCOPE_write]], User Attributes: [{sub=u_1a2b3c4d5e6f708090a0b0c0d0e0f001, aud=[admin-app], updated_at=2026-08-15T10:47:20.043764600Z, azp=admin-app, roles=[ROLE_ADMIN], iss=http://localhost:9000, preferred_username=admin, exp=2026-08-15T09:17:20Z, iat=2026-08-15T08:47:20Z, nonce=P3sjKJjmml_m1u8t6o7rM8hs5nvLpXAEHXxvta17A6U, jti=4cda29aa-0c67-43a6-9645-c7d2099441e2}], Credentials=[PROTECTED], Authenticated=true, Details=WebAuthenticationDetails [RemoteIpAddress=127.0.0.1, SessionId=427A14FE494BBA3B0A1866AA411B0F33], Granted Authorities=[OIDC_USER, SCOPE_openid, SCOPE_profile, SCOPE_read, SCOPE_write]]
2026-08-15T16:47:20.089+08:00 DEBUG 5660 --- [iam-admin-service] [nio-8085-exec-8] n.x.a.c.AdminOnlyLoginSuccessHandler     : [login] 管理端账号 u_1a2b3c4d5e6f708090a0b0c0d0e0f001 登录成功
2026-08-15T16:47:20.101+08:00 DEBUG 5660 --- [iam-admin-service] [nio-8085-exec-2] n.x.admin.controller.ApiProxyController  : [proxy] POST /api/admin/tenants -> http://localhost:9000/api/admin/tenants
2026-08-15T16:47:20.137+08:00 DEBUG 5660 --- [iam-admin-service] [nio-8085-exec-3] n.x.admin.controller.ApiProxyController  : [proxy] GET /api/admin/tenants -> http://localhost:9000/api/admin/tenants
2026-08-15T16:47:39.820+08:00 DEBUG 5660 --- [iam-admin-service] [nio-8085-exec-6] .s.o.c.w.OAuth2LoginAuthenticationFilter : Set SecurityContextHolder to OAuth2AuthenticationToken [Principal=Name: [u_1a2b3c4d5e6f708090a0b0c0d0e0f001], Granted Authorities: [[OIDC_USER, SCOPE_openid, SCOPE_profile, SCOPE_read, SCOPE_write]], User Attributes: [{sub=u_1a2b3c4d5e6f708090a0b0c0d0e0f001, aud=[admin-app], updated_at=2026-08-15T10:47:39.776464400Z, azp=admin-app, roles=[ROLE_ADMIN], iss=http://localhost:9000, preferred_username=admin, exp=2026-08-15T09:17:39Z, iat=2026-08-15T08:47:39Z, nonce=nX0wF9m3Os48PDYmg43D2uZmIdEp0-tT5KKhVU3jy3M, jti=b0841525-adfe-4311-b4f7-43cfc6861f4a}], Credentials=[PROTECTED], Authenticated=true, Details=WebAuthenticationDetails [RemoteIpAddress=127.0.0.1, SessionId=28B419121B851C6C90FB702F6488E9B2], Granted Authorities=[OIDC_USER, SCOPE_openid, SCOPE_profile, SCOPE_read, SCOPE_write]]
2026-08-15T16:47:39.821+08:00 DEBUG 5660 --- [iam-admin-service] [nio-8085-exec-6] n.x.a.c.AdminOnlyLoginSuccessHandler     : [login] 管理端账号 u_1a2b3c4d5e6f708090a0b0c0d0e0f001 登录成功
2026-08-15T16:47:39.832+08:00 DEBUG 5660 --- [iam-admin-service] [nio-8085-exec-7] n.x.admin.controller.ApiProxyController  : [proxy] GET /api/admin/tenants -> http://localhost:9000/api/admin/tenants
2026-08-15T16:47:39.859+08:00 DEBUG 5660 --- [iam-admin-service] [io-8085-exec-10] n.x.admin.controller.ApiProxyController  : [proxy] DELETE /api/admin/tenants/2 -> http://localhost:9000/api/admin/tenants/2
2026-08-15T16:47:39.896+08:00 DEBUG 5660 --- [iam-admin-service] [nio-8085-exec-9] n.x.admin.controller.ApiProxyController  : [proxy] GET /api/admin/tenants -> http://localhost:9000/api/admin/tenants
2026-08-15T16:47:39.921+08:00 DEBUG 5660 --- [iam-admin-service] [nio-8085-exec-8] n.x.admin.controller.ApiProxyController  : [proxy] DELETE /api/admin/tenants/3 -> http://localhost:9000/api/admin/tenants/3
2026-08-15T16:47:39.961+08:00 DEBUG 5660 --- [iam-admin-service] [nio-8085-exec-2] n.x.admin.controller.ApiProxyController  : [proxy] GET /api/admin/tenants -> http://localhost:9000/api/admin/tenants
2026-08-15T16:47:59.151+08:00 DEBUG 5660 --- [iam-admin-service] [nio-8085-exec-5] .s.o.c.w.OAuth2LoginAuthenticationFilter : Set SecurityContextHolder to OAuth2AuthenticationToken [Principal=Name: [u_1a2b3c4d5e6f708090a0b0c0d0e0f001], Granted Authorities: [[OIDC_USER, SCOPE_openid, SCOPE_profile, SCOPE_read, SCOPE_write]], User Attributes: [{sub=u_1a2b3c4d5e6f708090a0b0c0d0e0f001, aud=[admin-app], updated_at=2026-08-15T10:47:59.087775300Z, azp=admin-app, roles=[ROLE_ADMIN], iss=http://localhost:9000, preferred_username=admin, exp=2026-08-15T09:17:59Z, iat=2026-08-15T08:47:59Z, nonce=OpTBasbDStkTz_VwjUhZqmpoEyw5r3WCnsTGb3OnqGA, jti=afb47014-daa6-483d-b140-87f355f03682}], Credentials=[PROTECTED], Authenticated=true, Details=WebAuthenticationDetails [RemoteIpAddress=127.0.0.1, SessionId=705BEAFD7903DD1A668BBBC824F6B587], Granted Authorities=[OIDC_USER, SCOPE_openid, SCOPE_profile, SCOPE_read, SCOPE_write]]
2026-08-15T16:47:59.152+08:00 DEBUG 5660 --- [iam-admin-service] [nio-8085-exec-5] n.x.a.c.AdminOnlyLoginSuccessHandler     : [login] 管理端账号 u_1a2b3c4d5e6f708090a0b0c0d0e0f001 登录成功
2026-08-15T16:48:58.035+08:00 DEBUG 5660 --- [iam-admin-service] [nio-8085-exec-9] .s.o.c.w.OAuth2LoginAuthenticationFilter : Set SecurityContextHolder to OAuth2AuthenticationToken [Principal=Name: [u_1a2b3c4d5e6f708090a0b0c0d0e0f001], Granted Authorities: [[OIDC_USER, SCOPE_openid, SCOPE_profile, SCOPE_read, SCOPE_write]], User Attributes: [{sub=u_1a2b3c4d5e6f708090a0b0c0d0e0f001, aud=[admin-app], updated_at=2026-08-15T10:48:57.992534Z, azp=admin-app, roles=[ROLE_ADMIN], iss=http://localhost:9000, preferred_username=admin, exp=2026-08-15T09:18:57Z, iat=2026-08-15T08:48:57Z, nonce=aAoAlpwNSId2SUVlng-8WS4wM7AeHN9RE2S4ThrGaXw, jti=86715500-5a68-4dc6-a59e-f30ed5a936e7}], Credentials=[PROTECTED], Authenticated=true, Details=WebAuthenticationDetails [RemoteIpAddress=127.0.0.1, SessionId=6A8F8BA0139F1F5A63DF981BC12835C5], Granted Authorities=[OIDC_USER, SCOPE_openid, SCOPE_profile, SCOPE_read, SCOPE_write]]
2026-08-15T16:48:58.036+08:00 DEBUG 5660 --- [iam-admin-service] [nio-8085-exec-9] n.x.a.c.AdminOnlyLoginSuccessHandler     : [login] 管理端账号 u_1a2b3c4d5e6f708090a0b0c0d0e0f001 登录成功
2026-08-15T16:48:58.054+08:00 DEBUG 5660 --- [iam-admin-service] [nio-8085-exec-8] n.x.admin.controller.ApiProxyController  : [proxy] POST /api/admin/policies -> http://localhost:9000/api/admin/policies
2026-08-15T16:48:58.086+08:00 DEBUG 5660 --- [iam-admin-service] [nio-8085-exec-2] n.x.admin.controller.ApiProxyController  : [proxy] DELETE /api/admin/policies/web-app -> http://localhost:9000/api/admin/policies/web-app
2026-08-15T16:49:18.835+08:00 DEBUG 5660 --- [iam-admin-service] [nio-8085-exec-5] .s.o.c.w.OAuth2LoginAuthenticationFilter : Set SecurityContextHolder to OAuth2AuthenticationToken [Principal=Name: [u_1a2b3c4d5e6f708090a0b0c0d0e0f001], Granted Authorities: [[OIDC_USER, SCOPE_openid, SCOPE_profile, SCOPE_read, SCOPE_write]], User Attributes: [{sub=u_1a2b3c4d5e6f708090a0b0c0d0e0f001, aud=[admin-app], updated_at=2026-08-15T10:49:18.792774800Z, azp=admin-app, roles=[ROLE_ADMIN], iss=http://localhost:9000, preferred_username=admin, exp=2026-08-15T09:19:18Z, iat=2026-08-15T08:49:18Z, nonce=qwJ5qM8jKO4WU2ivj3Jd3sPxhi66U5ufI_Gz9NaLqCg, jti=341ab6d0-d99f-42bc-ab3a-57f30afc691a}], Credentials=[PROTECTED], Authenticated=true, Details=WebAuthenticationDetails [RemoteIpAddress=127.0.0.1, SessionId=4601AF2E077B5DA6734BAE281CD0A68C], Granted Authorities=[OIDC_USER, SCOPE_openid, SCOPE_profile, SCOPE_read, SCOPE_write]]
2026-08-15T16:49:18.835+08:00 DEBUG 5660 --- [iam-admin-service] [nio-8085-exec-5] n.x.a.c.AdminOnlyLoginSuccessHandler     : [login] 管理端账号 u_1a2b3c4d5e6f708090a0b0c0d0e0f001 登录成功
2026-08-15T16:49:19.163+08:00 DEBUG 5660 --- [iam-admin-service] [nio-8085-exec-6] n.x.admin.controller.ApiProxyController  : [proxy] POST /api/admin/policies -> http://localhost:9000/api/admin/policies
2026-08-15T16:49:19.573+08:00 DEBUG 5660 --- [iam-admin-service] [nio-8085-exec-7] n.x.admin.controller.ApiProxyController  : [proxy] DELETE /api/admin/policies/web-app -> http://localhost:9000/api/admin/policies/web-app
2026-08-15T16:50:36.141+08:00 DEBUG 5660 --- [iam-admin-service] [nio-8085-exec-2] .s.o.c.w.OAuth2LoginAuthenticationFilter : Set SecurityContextHolder to OAuth2AuthenticationToken [Principal=Name: [u_1a2b3c4d5e6f708090a0b0c0d0e0f001], Granted Authorities: [[OIDC_USER, SCOPE_openid, SCOPE_profile, SCOPE_read, SCOPE_write]], User Attributes: [{sub=u_1a2b3c4d5e6f708090a0b0c0d0e0f001, aud=[admin-app], updated_at=2026-08-15T10:50:36.094185400Z, azp=admin-app, roles=[ROLE_ADMIN], iss=http://localhost:9000, preferred_username=admin, exp=2026-08-15T09:20:36Z, iat=2026-08-15T08:50:36Z, nonce=9BRANYr9VqKCXmODmzVmsbCdUirGy_Nkhkk0TUOyF44, jti=369cff33-89dc-459f-a73a-2e7a3229c0fe}], Credentials=[PROTECTED], Authenticated=true, Details=WebAuthenticationDetails [RemoteIpAddress=127.0.0.1, SessionId=D40548085D62F64234B398ADD12C55CD], Granted Authorities=[OIDC_USER, SCOPE_openid, SCOPE_profile, SCOPE_read, SCOPE_write]]
2026-08-15T16:50:36.141+08:00 DEBUG 5660 --- [iam-admin-service] [nio-8085-exec-2] n.x.a.c.AdminOnlyLoginSuccessHandler     : [login] 管理端账号 u_1a2b3c4d5e6f708090a0b0c0d0e0f001 登录成功
2026-08-15T16:50:36.152+08:00 DEBUG 5660 --- [iam-admin-service] [nio-8085-exec-3] n.x.admin.controller.ApiProxyController  : [proxy] GET /api/admin/user-roles/u_1a2b3c4d5e6f708090a0b0c0d0e0f002 -> http://localhost:9010/api/admin/user-roles/u_1a2b3c4d5e6f708090a0b0c0d0e0f002
2026-08-15T16:50:36.278+08:00 DEBUG 5660 --- [iam-admin-service] [nio-8085-exec-1] n.x.admin.controller.ApiProxyController  : [proxy] PUT /api/admin/user-roles/u_1a2b3c4d5e6f708090a0b0c0d0e0f002 -> http://localhost:9010/api/admin/user-roles/u_1a2b3c4d5e6f708090a0b0c0d0e0f002
2026-08-15T16:50:36.415+08:00 DEBUG 5660 --- [iam-admin-service] [nio-8085-exec-4] n.x.admin.controller.ApiProxyController  : [proxy] GET /api/admin/user-roles/u_1a2b3c4d5e6f708090a0b0c0d0e0f002 -> http://localhost:9010/api/admin/user-roles/u_1a2b3c4d5e6f708090a0b0c0d0e0f002
2026-08-15T16:50:45.340+08:00 DEBUG 5660 --- [iam-admin-service] [io-8085-exec-10] .s.o.c.w.OAuth2LoginAuthenticationFilter : Set SecurityContextHolder to OAuth2AuthenticationToken [Principal=Name: [u_1a2b3c4d5e6f708090a0b0c0d0e0f001], Granted Authorities: [[OIDC_USER, SCOPE_openid, SCOPE_profile, SCOPE_read, SCOPE_write]], User Attributes: [{sub=u_1a2b3c4d5e6f708090a0b0c0d0e0f001, aud=[admin-app], updated_at=2026-08-15T10:50:45.292384300Z, azp=admin-app, roles=[ROLE_ADMIN], iss=http://localhost:9000, preferred_username=admin, exp=2026-08-15T09:20:45Z, iat=2026-08-15T08:50:45Z, nonce=vk95RZdnfKMUfKt4qYsbrglw5Skc_5EnwKEVwCJeAfk, jti=b5c70b2a-a6a3-4fac-8f75-aa57b7781a95}], Credentials=[PROTECTED], Authenticated=true, Details=WebAuthenticationDetails [RemoteIpAddress=127.0.0.1, SessionId=437777B12B033067FAFF1D9A4460C454], Granted Authorities=[OIDC_USER, SCOPE_openid, SCOPE_profile, SCOPE_read, SCOPE_write]]
2026-08-15T16:50:45.340+08:00 DEBUG 5660 --- [iam-admin-service] [io-8085-exec-10] n.x.a.c.AdminOnlyLoginSuccessHandler     : [login] 管理端账号 u_1a2b3c4d5e6f708090a0b0c0d0e0f001 登录成功
2026-08-15T16:50:45.686+08:00 DEBUG 5660 --- [iam-admin-service] [nio-8085-exec-9] n.x.admin.controller.ApiProxyController  : [proxy] POST /api/admin/policies -> http://localhost:9000/api/admin/policies
2026-08-15T16:50:46.100+08:00 DEBUG 5660 --- [iam-admin-service] [nio-8085-exec-8] n.x.admin.controller.ApiProxyController  : [proxy] DELETE /api/admin/policies/web-app -> http://localhost:9000/api/admin/policies/web-app
2026-08-15T16:52:03.219+08:00 DEBUG 5660 --- [iam-admin-service] [nio-8085-exec-1] .s.o.c.w.OAuth2LoginAuthenticationFilter : Set SecurityContextHolder to OAuth2AuthenticationToken [Principal=Name: [u_1a2b3c4d5e6f708090a0b0c0d0e0f001], Granted Authorities: [[OIDC_USER, SCOPE_openid, SCOPE_profile, SCOPE_read, SCOPE_write]], User Attributes: [{sub=u_1a2b3c4d5e6f708090a0b0c0d0e0f001, aud=[admin-app], updated_at=2026-08-15T10:52:03.177710900Z, azp=admin-app, roles=[ROLE_ADMIN], iss=http://localhost:9000, preferred_username=admin, exp=2026-08-15T09:22:03Z, iat=2026-08-15T08:52:03Z, nonce=3_uw-PUV-zla05Et7ULHzGp5VR2O9_ffjkKDP47ZTLc, jti=3f065191-418d-4d4e-8c22-1d495a3b8a29}], Credentials=[PROTECTED], Authenticated=true, Details=WebAuthenticationDetails [RemoteIpAddress=0:0:0:0:0:0:0:1, SessionId=22495E3BD6950F465E7F1BCCC9C6CA7A], Granted Authorities=[OIDC_USER, SCOPE_openid, SCOPE_profile, SCOPE_read, SCOPE_write]]
2026-08-15T16:52:03.220+08:00 DEBUG 5660 --- [iam-admin-service] [nio-8085-exec-1] n.x.a.c.AdminOnlyLoginSuccessHandler     : [login] 管理端账号 u_1a2b3c4d5e6f708090a0b0c0d0e0f001 登录成功
2026-08-15T16:52:04.502+08:00 DEBUG 5660 --- [iam-admin-service] [nio-8085-exec-6] n.x.admin.controller.ApiProxyController  : [proxy] GET /api/admin/tenants -> http://localhost:9000/api/admin/tenants
2026-08-15T16:52:06.665+08:00 DEBUG 5660 --- [iam-admin-service] [io-8085-exec-10] n.x.admin.controller.ApiProxyController  : [proxy] GET /api/admin/permissions -> http://localhost:9010/api/admin/permissions
2026-08-15T16:52:07.439+08:00 DEBUG 5660 --- [iam-admin-service] [nio-8085-exec-8] n.x.admin.controller.ApiProxyController  : [proxy] GET /api/admin/clients -> http://localhost:9000/api/admin/clients
2026-08-15T16:52:07.883+08:00 DEBUG 5660 --- [iam-admin-service] [nio-8085-exec-3] n.x.admin.controller.ApiProxyController  : [proxy] GET /api/admin/policies -> http://localhost:9000/api/admin/policies
2026-08-15T16:52:08.325+08:00 DEBUG 5660 --- [iam-admin-service] [nio-8085-exec-4] n.x.admin.controller.ApiProxyController  : [proxy] GET /api/admin/records/consents -> http://localhost:9000/api/admin/records/consents
2026-08-15T16:52:08.872+08:00 DEBUG 5660 --- [iam-admin-service] [nio-8085-exec-5] n.x.admin.controller.ApiProxyController  : [proxy] GET /api/admin/sessions/online -> http://localhost:9000/api/admin/sessions/online
2026-08-15T16:52:09.754+08:00 DEBUG 5660 --- [iam-admin-service] [nio-8085-exec-9] n.x.admin.controller.ApiProxyController  : [proxy] GET /api/admin/roles -> http://localhost:9010/api/admin/roles
2026-08-15T16:52:09.754+08:00 DEBUG 5660 --- [iam-admin-service] [io-8085-exec-10] n.x.admin.controller.ApiProxyController  : [proxy] GET /api/admin/tenants -> http://localhost:9000/api/admin/tenants
2026-08-15T16:52:09.781+08:00 DEBUG 5660 --- [iam-admin-service] [nio-8085-exec-8] n.x.admin.controller.ApiProxyController  : [proxy] GET /api/admin/users -> http://localhost:9000/api/admin/users
2026-08-15T16:52:10.376+08:00 DEBUG 5660 --- [iam-admin-service] [nio-8085-exec-3] n.x.admin.controller.ApiProxyController  : [proxy] GET /api/admin/tenants -> http://localhost:9000/api/admin/tenants
2026-08-15T16:52:11.591+08:00 DEBUG 5660 --- [iam-admin-service] [nio-8085-exec-6] n.x.admin.controller.ApiProxyController  : [proxy] GET /api/admin/roles -> http://localhost:9010/api/admin/roles
2026-08-15T16:52:11.591+08:00 DEBUG 5660 --- [iam-admin-service] [nio-8085-exec-4] n.x.admin.controller.ApiProxyController  : [proxy] GET /api/admin/tenants -> http://localhost:9000/api/admin/tenants
2026-08-15T16:52:11.622+08:00 DEBUG 5660 --- [iam-admin-service] [nio-8085-exec-5] n.x.admin.controller.ApiProxyController  : [proxy] GET /api/admin/users -> http://localhost:9000/api/admin/users
2026-08-15T16:52:11.995+08:00 DEBUG 5660 --- [iam-admin-service] [io-8085-exec-10] n.x.admin.controller.ApiProxyController  : [proxy] GET /api/admin/roles -> http://localhost:9010/api/admin/roles
2026-08-15T16:52:13.758+08:00  INFO 5660 --- [iam-admin-service] [nio-8085-exec-8] n.x.a.controller.AuthLogoutController    : [logout] 重定向认证中心端会话注销: http://localhost:9000
2026-08-15T17:00:20.021+08:00 DEBUG 5660 --- [iam-admin-service] [nio-8085-exec-9] .s.o.c.w.OAuth2LoginAuthenticationFilter : Set SecurityContextHolder to OAuth2AuthenticationToken [Principal=Name: [u_1a2b3c4d5e6f708090a0b0c0d0e0f001], Granted Authorities: [[OIDC_USER, SCOPE_openid, SCOPE_profile, SCOPE_read, SCOPE_write]], User Attributes: [{sub=u_1a2b3c4d5e6f708090a0b0c0d0e0f001, aud=[admin-app], updated_at=2026-08-15T11:00:19.875264200Z, azp=admin-app, roles=[ROLE_ADMIN], iss=http://localhost:9000, preferred_username=admin, exp=2026-08-15T09:30:19Z, iat=2026-08-15T09:00:19Z, nonce=IlgGtjhmahgaLvPmkdwaEvn6UvfT2ECLYGlKS4cDvHE, jti=11a4bcfd-9ea5-4522-bf04-9c094c2f053c}], Credentials=[PROTECTED], Authenticated=true, Details=WebAuthenticationDetails [RemoteIpAddress=127.0.0.1, SessionId=09FAF2E40C34F616290E9D2D0EF7673C], Granted Authorities=[OIDC_USER, SCOPE_openid, SCOPE_profile, SCOPE_read, SCOPE_write]]
2026-08-15T17:00:20.022+08:00 DEBUG 5660 --- [iam-admin-service] [nio-8085-exec-9] n.x.a.c.AdminOnlyLoginSuccessHandler     : [login] 管理端账号 u_1a2b3c4d5e6f708090a0b0c0d0e0f001 登录成功
2026-08-15T17:08:33.595+08:00 DEBUG 5660 --- [iam-admin-service] [nio-8085-exec-4] .s.o.c.w.OAuth2LoginAuthenticationFilter : Set SecurityContextHolder to OAuth2AuthenticationToken [Principal=Name: [u_1a2b3c4d5e6f708090a0b0c0d0e0f001], Granted Authorities: [[OIDC_USER, SCOPE_openid, SCOPE_profile, SCOPE_read, SCOPE_write]], User Attributes: [{sub=u_1a2b3c4d5e6f708090a0b0c0d0e0f001, aud=[admin-app], updated_at=2026-08-15T11:08:33.425552500Z, azp=admin-app, roles=[ROLE_ADMIN], iss=http://localhost:9000, preferred_username=admin, exp=2026-08-15T09:38:33Z, iat=2026-08-15T09:08:33Z, nonce=V0gmId4nH-FxdrvMcFBMCAlCSoM0Mwc3-cUKPMfaFXY, jti=8ba34da9-0196-4ac1-904c-5af08f4769f3}], Credentials=[PROTECTED], Authenticated=true, Details=WebAuthenticationDetails [RemoteIpAddress=127.0.0.1, SessionId=1380B2E73C881D1E8EF8B6236D45CC9B], Granted Authorities=[OIDC_USER, SCOPE_openid, SCOPE_profile, SCOPE_read, SCOPE_write]]
2026-08-15T17:08:33.596+08:00 DEBUG 5660 --- [iam-admin-service] [nio-8085-exec-4] n.x.a.c.AdminOnlyLoginSuccessHandler     : [login] 管理端账号 u_1a2b3c4d5e6f708090a0b0c0d0e0f001 登录成功
2026-08-15T17:14:42.536+08:00 DEBUG 5660 --- [iam-admin-service] [io-8085-exec-10] .s.o.c.w.OAuth2LoginAuthenticationFilter : Set SecurityContextHolder to OAuth2AuthenticationToken [Principal=Name: [u_1a2b3c4d5e6f708090a0b0c0d0e0f001], Granted Authorities: [[OIDC_USER, SCOPE_openid, SCOPE_profile, SCOPE_read, SCOPE_write]], User Attributes: [{sub=u_1a2b3c4d5e6f708090a0b0c0d0e0f001, aud=[admin-app], updated_at=2026-08-15T11:14:42.480623100Z, azp=admin-app, roles=[ROLE_ADMIN], iss=http://localhost:9000, preferred_username=admin, exp=2026-08-15T09:44:42Z, iat=2026-08-15T09:14:42Z, nonce=7SbLZlkcvV_9cGFv76P5fxVoYuZzT0yEKdWWHbD7_wQ, jti=d99b7b3a-6974-49c3-be10-874361d44daa}], Credentials=[PROTECTED], Authenticated=true, Details=WebAuthenticationDetails [RemoteIpAddress=127.0.0.1, SessionId=D79F7F69F31EA057148B90FD7D002B25], Granted Authorities=[OIDC_USER, SCOPE_openid, SCOPE_profile, SCOPE_read, SCOPE_write]]
2026-08-15T17:14:42.536+08:00 DEBUG 5660 --- [iam-admin-service] [io-8085-exec-10] n.x.a.c.AdminOnlyLoginSuccessHandler     : [login] 管理端账号 u_1a2b3c4d5e6f708090a0b0c0d0e0f001 登录成功
2026-08-15T17:14:56.145+08:00 DEBUG 5660 --- [iam-admin-service] [nio-8085-exec-3] .s.o.c.w.OAuth2LoginAuthenticationFilter : Set SecurityContextHolder to OAuth2AuthenticationToken [Principal=Name: [u_1a2b3c4d5e6f708090a0b0c0d0e0f001], Granted Authorities: [[OIDC_USER, SCOPE_openid, SCOPE_profile, SCOPE_read, SCOPE_write]], User Attributes: [{sub=u_1a2b3c4d5e6f708090a0b0c0d0e0f001, aud=[admin-app], updated_at=2026-08-15T11:14:56.096210Z, azp=admin-app, roles=[ROLE_ADMIN], iss=http://localhost:9000, preferred_username=admin, exp=2026-08-15T09:44:56Z, iat=2026-08-15T09:14:56Z, nonce=7yVrmrzQITPwYGu0J8CwS6p8ymVsRcTzidgNPQgpdLM, jti=03aa955c-9e12-4b63-8431-fb2a41f1f78c}], Credentials=[PROTECTED], Authenticated=true, Details=WebAuthenticationDetails [RemoteIpAddress=127.0.0.1, SessionId=62319A1519684155BCD2BA2FB995F697], Granted Authorities=[OIDC_USER, SCOPE_openid, SCOPE_profile, SCOPE_read, SCOPE_write]]
2026-08-15T17:14:56.146+08:00 DEBUG 5660 --- [iam-admin-service] [nio-8085-exec-3] n.x.a.c.AdminOnlyLoginSuccessHandler     : [login] 管理端账号 u_1a2b3c4d5e6f708090a0b0c0d0e0f001 登录成功
2026-08-15T17:38:19.007+08:00 DEBUG 5660 --- [iam-admin-service] [io-8085-exec-10] .s.o.c.w.OAuth2LoginAuthenticationFilter : Set SecurityContextHolder to OAuth2AuthenticationToken [Principal=Name: [u_1a2b3c4d5e6f708090a0b0c0d0e0f001], Granted Authorities: [[OIDC_USER, SCOPE_openid, SCOPE_profile, SCOPE_read, SCOPE_write]], User Attributes: [{sub=u_1a2b3c4d5e6f708090a0b0c0d0e0f001, aud=[admin-app], updated_at=2026-08-15T11:38:18.957506400Z, azp=admin-app, roles=[ROLE_ADMIN], iss=http://localhost:9000, preferred_username=admin, exp=2026-08-15T10:08:18Z, iat=2026-08-15T09:38:18Z, nonce=s2yRoFKsVzlJ4weT-kUc2QNBcDnre_7pEPYHzQZcGBI, jti=891c153f-70a5-4969-80db-c5bac23f5f5e}], Credentials=[PROTECTED], Authenticated=true, Details=WebAuthenticationDetails [RemoteIpAddress=0:0:0:0:0:0:0:1, SessionId=41F980B071051FC243C66C8B47F5B630], Granted Authorities=[OIDC_USER, SCOPE_openid, SCOPE_profile, SCOPE_read, SCOPE_write]]
2026-08-15T17:38:19.008+08:00 DEBUG 5660 --- [iam-admin-service] [io-8085-exec-10] n.x.a.c.AdminOnlyLoginSuccessHandler     : [login] 管理端账号 u_1a2b3c4d5e6f708090a0b0c0d0e0f001 登录成功
2026-08-15T17:38:21.270+08:00 DEBUG 5660 --- [iam-admin-service] [nio-8085-exec-2] n.x.admin.controller.ApiProxyController  : [proxy] GET /api/admin/tenants -> http://localhost:9000/api/admin/tenants
2026-08-15T17:38:31.005+08:00 DEBUG 5660 --- [iam-admin-service] [nio-8085-exec-4] n.x.admin.controller.ApiProxyController  : [proxy] GET /api/admin/tenants -> http://localhost:9000/api/admin/tenants
2026-08-15T17:38:31.007+08:00 DEBUG 5660 --- [iam-admin-service] [nio-8085-exec-5] n.x.admin.controller.ApiProxyController  : [proxy] GET /api/admin/roles -> http://localhost:9010/api/admin/roles
2026-08-15T17:38:31.045+08:00 DEBUG 5660 --- [iam-admin-service] [nio-8085-exec-6] n.x.admin.controller.ApiProxyController  : [proxy] GET /api/admin/users -> http://localhost:9000/api/admin/users
2026-08-15T17:38:32.645+08:00 DEBUG 5660 --- [iam-admin-service] [io-8085-exec-10] n.x.admin.controller.ApiProxyController  : [proxy] GET /api/admin/roles -> http://localhost:9010/api/admin/roles
2026-08-15T17:38:33.374+08:00 DEBUG 5660 --- [iam-admin-service] [nio-8085-exec-9] n.x.admin.controller.ApiProxyController  : [proxy] GET /api/admin/permissions -> http://localhost:9010/api/admin/permissions
2026-08-15T17:38:33.872+08:00 DEBUG 5660 --- [iam-admin-service] [nio-8085-exec-3] n.x.admin.controller.ApiProxyController  : [proxy] GET /api/admin/clients -> http://localhost:9000/api/admin/clients
2026-08-15T17:38:34.268+08:00 DEBUG 5660 --- [iam-admin-service] [nio-8085-exec-4] n.x.admin.controller.ApiProxyController  : [proxy] GET /api/admin/policies -> http://localhost:9000/api/admin/policies
2026-08-15T17:38:34.823+08:00 DEBUG 5660 --- [iam-admin-service] [nio-8085-exec-5] n.x.admin.controller.ApiProxyController  : [proxy] GET /api/admin/records/consents -> http://localhost:9000/api/admin/records/consents
2026-08-15T17:38:35.731+08:00 DEBUG 5660 --- [iam-admin-service] [nio-8085-exec-7] n.x.admin.controller.ApiProxyController  : [proxy] GET /api/admin/sessions/online -> http://localhost:9000/api/admin/sessions/online
2026-08-15T17:38:36.981+08:00 DEBUG 5660 --- [iam-admin-service] [nio-8085-exec-8] n.x.admin.controller.ApiProxyController  : [proxy] GET /api/admin/sessions/users/1 -> http://localhost:9000/api/admin/sessions/users/1
2026-08-15T17:38:42.334+08:00 DEBUG 5660 --- [iam-admin-service] [nio-8085-exec-1] n.x.admin.controller.ApiProxyController  : [proxy] GET /api/admin/tenants -> http://localhost:9000/api/admin/tenants
2026-08-15T17:38:42.336+08:00 DEBUG 5660 --- [iam-admin-service] [nio-8085-exec-4] n.x.admin.controller.ApiProxyController  : [proxy] GET /api/admin/roles -> http://localhost:9010/api/admin/roles
2026-08-15T17:38:42.372+08:00 DEBUG 5660 --- [iam-admin-service] [nio-8085-exec-6] n.x.admin.controller.ApiProxyController  : [proxy] GET /api/admin/users -> http://localhost:9000/api/admin/users
2026-08-15T17:38:43.393+08:00 DEBUG 5660 --- [iam-admin-service] [nio-8085-exec-5] n.x.admin.controller.ApiProxyController  : [proxy] GET /api/admin/tenants -> http://localhost:9000/api/admin/tenants
2026-08-15T17:38:50.267+08:00 DEBUG 5660 --- [iam-admin-service] [nio-8085-exec-8] n.x.admin.controller.ApiProxyController  : [proxy] POST /api/admin/users -> http://localhost:9000/api/admin/users
2026-08-15T17:38:50.499+08:00 DEBUG 5660 --- [iam-admin-service] [nio-8085-exec-9] n.x.admin.controller.ApiProxyController  : [proxy] GET /api/admin/users -> http://localhost:9000/api/admin/users
2026-08-15T17:38:53.684+08:00 DEBUG 5660 --- [iam-admin-service] [nio-8085-exec-2] n.x.admin.controller.ApiProxyController  : [proxy] GET /api/admin/user-roles/u_c76a70ff7bc543aab61828c48970d97e -> http://localhost:9010/api/admin/user-roles/u_c76a70ff7bc543aab61828c48970d97e
2026-08-15T17:39:06.562+08:00 DEBUG 5660 --- [iam-admin-service] [nio-8085-exec-6] n.x.admin.controller.ApiProxyController  : [proxy] GET /api/admin/clients -> http://localhost:9000/api/admin/clients
2026-08-15T17:39:07.064+08:00 DEBUG 5660 --- [iam-admin-service] [nio-8085-exec-5] n.x.admin.controller.ApiProxyController  : [proxy] GET /api/admin/policies -> http://localhost:9000/api/admin/policies
2026-08-15T17:39:13.525+08:00 DEBUG 5660 --- [iam-admin-service] [nio-8085-exec-7] n.x.admin.controller.ApiProxyController  : [proxy] POST /api/admin/policies -> http://localhost:9000/api/admin/policies
2026-08-15T17:39:13.570+08:00 DEBUG 5660 --- [iam-admin-service] [nio-8085-exec-8] n.x.admin.controller.ApiProxyController  : [proxy] GET /api/admin/policies -> http://localhost:9000/api/admin/policies
2026-08-15T17:39:14.914+08:00 DEBUG 5660 --- [iam-admin-service] [nio-8085-exec-2] n.x.admin.controller.ApiProxyController  : [proxy] GET /api/admin/tenants -> http://localhost:9000/api/admin/tenants
2026-08-15T17:39:14.916+08:00 DEBUG 5660 --- [iam-admin-service] [nio-8085-exec-3] n.x.admin.controller.ApiProxyController  : [proxy] GET /api/admin/roles -> http://localhost:9010/api/admin/roles
2026-08-15T17:39:14.952+08:00 DEBUG 5660 --- [iam-admin-service] [nio-8085-exec-1] n.x.admin.controller.ApiProxyController  : [proxy] GET /api/admin/users -> http://localhost:9000/api/admin/users
2026-08-15T17:39:16.347+08:00 DEBUG 5660 --- [iam-admin-service] [nio-8085-exec-6] n.x.admin.controller.ApiProxyController  : [proxy] GET /api/admin/user-roles/u_c76a70ff7bc543aab61828c48970d97e -> http://localhost:9010/api/admin/user-roles/u_c76a70ff7bc543aab61828c48970d97e
2026-08-15T17:39:18.721+08:00 DEBUG 5660 --- [iam-admin-service] [nio-8085-exec-4] n.x.admin.controller.ApiProxyController  : [proxy] GET /api/admin/user-roles/u_c76a70ff7bc543aab61828c48970d97e -> http://localhost:9010/api/admin/user-roles/u_c76a70ff7bc543aab61828c48970d97e
2026-08-15T17:39:21.237+08:00 DEBUG 5660 --- [iam-admin-service] [nio-8085-exec-8] n.x.admin.controller.ApiProxyController  : [proxy] PUT /api/admin/user-roles/u_c76a70ff7bc543aab61828c48970d97e -> http://localhost:9010/api/admin/user-roles/u_c76a70ff7bc543aab61828c48970d97e
2026-08-15T17:39:24.423+08:00 DEBUG 5660 --- [iam-admin-service] [nio-8085-exec-9] n.x.admin.controller.ApiProxyController  : [proxy] GET /api/admin/user-roles/u_c76a70ff7bc543aab61828c48970d97e -> http://localhost:9010/api/admin/user-roles/u_c76a70ff7bc543aab61828c48970d97e
2026-08-15T17:39:35.735+08:00 DEBUG 5660 --- [iam-admin-service] [nio-8085-exec-5] n.x.admin.controller.ApiProxyController  : [proxy] GET /api/admin/policies -> http://localhost:9000/api/admin/policies
2026-08-15T17:39:39.168+08:00 DEBUG 5660 --- [iam-admin-service] [io-8085-exec-10] n.x.admin.controller.ApiProxyController  : [proxy] POST /api/admin/policies -> http://localhost:9000/api/admin/policies
2026-08-15T17:39:39.209+08:00 DEBUG 5660 --- [iam-admin-service] [nio-8085-exec-7] n.x.admin.controller.ApiProxyController  : [proxy] GET /api/admin/policies -> http://localhost:9000/api/admin/policies
2026-08-15T17:39:45.547+08:00 DEBUG 5660 --- [iam-admin-service] [nio-8085-exec-9] .s.o.c.w.OAuth2LoginAuthenticationFilter : Set SecurityContextHolder to OAuth2AuthenticationToken [Principal=Name: [u_c76a70ff7bc543aab61828c48970d97e], Granted Authorities: [[OIDC_USER, SCOPE_openid, SCOPE_profile, SCOPE_read, SCOPE_write]], User Attributes: [{sub=u_c76a70ff7bc543aab61828c48970d97e, aud=[admin-app], updated_at=2026-08-15T11:39:45.508280200Z, azp=admin-app, roles=[ROLE_ADMIN], iss=http://localhost:9000, preferred_username=test, exp=2026-08-15T10:09:45Z, iat=2026-08-15T09:39:45Z, nonce=kr3btf1As3cqYbZUOvm-BvuKeWMXY7IySTgI6MQl_yA, jti=9bc9e306-45d4-4b19-8473-d0033dafc7f4}], Credentials=[PROTECTED], Authenticated=true, Details=WebAuthenticationDetails [RemoteIpAddress=0:0:0:0:0:0:0:1, SessionId=8EF07474EE0EC689C7668891A046A171], Granted Authorities=[OIDC_USER, SCOPE_openid, SCOPE_profile, SCOPE_read, SCOPE_write]]
2026-08-15T17:39:45.547+08:00 DEBUG 5660 --- [iam-admin-service] [nio-8085-exec-9] n.x.a.c.AdminOnlyLoginSuccessHandler     : [login] 管理端账号 u_c76a70ff7bc543aab61828c48970d97e 登录成功
2026-08-15T17:39:46.824+08:00 DEBUG 5660 --- [iam-admin-service] [nio-8085-exec-1] n.x.admin.controller.ApiProxyController  : [proxy] GET /api/admin/sessions/online -> http://localhost:9000/api/admin/sessions/online
2026-08-15T17:39:50.770+08:00 DEBUG 5660 --- [iam-admin-service] [nio-8085-exec-6] n.x.admin.controller.ApiProxyController  : [proxy] GET /api/admin/sessions/users/4 -> http://localhost:9000/api/admin/sessions/users/4
